
Discarded input sections

 .text          0x0000000000000000        0x0 build/./src/main.c.o
 .data          0x0000000000000000        0x0 build/./src/main.c.o
 .bss           0x0000000000000000        0x0 build/./src/main.c.o
 .text          0x0000000000000000        0x0 build/./src/lcd.c.o
 .data          0x0000000000000000        0x0 build/./src/lcd.c.o
 .bss           0x0000000000000000        0x0 build/./src/lcd.c.o
 .text.LCD_WR_DATA8
                0x0000000000000000        0x8 build/./src/lcd.c.o
 .text.LCD_Fill_Slow
                0x0000000000000000       0x64 build/./src/lcd.c.o
 .text.LCD_ShowPicture_Slow
                0x0000000000000000       0x86 build/./src/lcd.c.o
 .text          0x0000000000000000        0x0 build/./vendor/Core/core_riscv.c.o
 .data          0x0000000000000000        0x0 build/./vendor/Core/core_riscv.c.o
 .bss           0x0000000000000000        0x0 build/./vendor/Core/core_riscv.c.o
 .text.__get_MSTATUS
                0x0000000000000000        0x6 build/./vendor/Core/core_riscv.c.o
 .text.__set_MSTATUS
                0x0000000000000000        0x6 build/./vendor/Core/core_riscv.c.o
 .text.__get_MISA
                0x0000000000000000        0x6 build/./vendor/Core/core_riscv.c.o
 .text.__set_MISA
                0x0000000000000000        0x6 build/./vendor/Core/core_riscv.c.o
 .text.__get_MTVEC
                0x0000000000000000        0x6 build/./vendor/Core/core_riscv.c.o
 .text.__set_MTVEC
                0x0000000000000000        0x6 build/./vendor/Core/core_riscv.c.o
 .text.__get_MSCRATCH
                0x0000000000000000        0x6 build/./vendor/Core/core_riscv.c.o
 .text.__set_MSCRATCH
                0x0000000000000000        0x6 build/./vendor/Core/core_riscv.c.o
 .text.__get_MEPC
                0x0000000000000000        0x6 build/./vendor/Core/core_riscv.c.o
 .text.__set_MEPC
                0x0000000000000000        0x6 build/./vendor/Core/core_riscv.c.o
 .text.__get_MCAUSE
                0x0000000000000000        0x6 build/./vendor/Core/core_riscv.c.o
 .text.__set_MCAUSE
                0x0000000000000000        0x6 build/./vendor/Core/core_riscv.c.o
 .text.__get_MTVAL
                0x0000000000000000        0x6 build/./vendor/Core/core_riscv.c.o
 .text.__set_MTVAL
                0x0000000000000000        0x6 build/./vendor/Core/core_riscv.c.o
 .text.__get_MVENDORID
                0x0000000000000000        0x6 build/./vendor/Core/core_riscv.c.o
 .text.__get_MARCHID
                0x0000000000000000        0x6 build/./vendor/Core/core_riscv.c.o
 .text.__get_MIMPID
                0x0000000000000000        0x6 build/./vendor/Core/core_riscv.c.o
 .text.__get_MHARTID
                0x0000000000000000        0x6 build/./vendor/Core/core_riscv.c.o
 .text.__get_SP
                0x0000000000000000        0x4 build/./vendor/Core/core_riscv.c.o
 .debug_info    0x0000000000000000      0x376 build/./vendor/Core/core_riscv.c.o
 .debug_abbrev  0x0000000000000000       0xe0 build/./vendor/Core/core_riscv.c.o
 .debug_aranges
                0x0000000000000000       0xb0 build/./vendor/Core/core_riscv.c.o
 .debug_ranges  0x0000000000000000       0xa0 build/./vendor/Core/core_riscv.c.o
 .debug_line    0x0000000000000000      0x450 build/./vendor/Core/core_riscv.c.o
 .debug_str     0x0000000000000000      0x290 build/./vendor/Core/core_riscv.c.o
 .comment       0x0000000000000000       0x34 build/./vendor/Core/core_riscv.c.o
 .debug_frame   0x0000000000000000      0x140 build/./vendor/Core/core_riscv.c.o
 .text          0x0000000000000000        0x0 build/./vendor/Debug/debug.c.o
 .data          0x0000000000000000        0x0 build/./vendor/Debug/debug.c.o
 .bss           0x0000000000000000        0x0 build/./vendor/Debug/debug.c.o
 .text.USART_Printf_Init
                0x0000000000000000       0x6e build/./vendor/Debug/debug.c.o
 .text._write   0x0000000000000000       0x58 build/./vendor/Debug/debug.c.o
 .text._sbrk    0x0000000000000000       0x2e build/./vendor/Debug/debug.c.o
 .sdata.curbrk.0
                0x0000000000000000        0x4 build/./vendor/Debug/debug.c.o
 .text          0x0000000000000000        0x0 build/./vendor/Peripheral/src/ch32v20x_rtc.c.o
 .data          0x0000000000000000        0x0 build/./vendor/Peripheral/src/ch32v20x_rtc.c.o
 .bss           0x0000000000000000        0x0 build/./vendor/Peripheral/src/ch32v20x_rtc.c.o
 .text.RTC_ITConfig
                0x0000000000000000       0x1e build/./vendor/Peripheral/src/ch32v20x_rtc.c.o
 .text.RTC_EnterConfigMode
                0x0000000000000000       0x16 build/./vendor/Peripheral/src/ch32v20x_rtc.c.o
 .text.RTC_ExitConfigMode
                0x0000000000000000       0x18 build/./vendor/Peripheral/src/ch32v20x_rtc.c.o
 .text.RTC_GetCounter
                0x0000000000000000       0x3c build/./vendor/Peripheral/src/ch32v20x_rtc.c.o
 .text.RTC_SetCounter
                0x0000000000000000       0x32 build/./vendor/Peripheral/src/ch32v20x_rtc.c.o
 .text.RTC_SetPrescaler
                0x0000000000000000       0x34 build/./vendor/Peripheral/src/ch32v20x_rtc.c.o
 .text.RTC_SetAlarm
                0x0000000000000000       0x32 build/./vendor/Peripheral/src/ch32v20x_rtc.c.o
 .text.RTC_GetDivider
                0x0000000000000000       0x1c build/./vendor/Peripheral/src/ch32v20x_rtc.c.o
 .text.RTC_WaitForLastTask
                0x0000000000000000       0x10 build/./vendor/Peripheral/src/ch32v20x_rtc.c.o
 .text.RTC_WaitForSynchro
                0x0000000000000000       0x24 build/./vendor/Peripheral/src/ch32v20x_rtc.c.o
 .text.RTC_GetFlagStatus
                0x0000000000000000       0x14 build/./vendor/Peripheral/src/ch32v20x_rtc.c.o
 .text.RTC_ClearFlag
                0x0000000000000000       0x18 build/./vendor/Peripheral/src/ch32v20x_rtc.c.o
 .text.RTC_GetITStatus
                0x0000000000000000       0x20 build/./vendor/Peripheral/src/ch32v20x_rtc.c.o
 .text.RTC_ClearITPendingBit
                0x0000000000000000        0x8 build/./vendor/Peripheral/src/ch32v20x_rtc.c.o
 .debug_info    0x0000000000000000      0x49c build/./vendor/Peripheral/src/ch32v20x_rtc.c.o
 .debug_abbrev  0x0000000000000000      0x181 build/./vendor/Peripheral/src/ch32v20x_rtc.c.o
 .debug_loc     0x0000000000000000      0x275 build/./vendor/Peripheral/src/ch32v20x_rtc.c.o
 .debug_aranges
                0x0000000000000000       0x80 build/./vendor/Peripheral/src/ch32v20x_rtc.c.o
 .debug_ranges  0x0000000000000000       0x70 build/./vendor/Peripheral/src/ch32v20x_rtc.c.o
 .debug_line    0x0000000000000000      0x6b3 build/./vendor/Peripheral/src/ch32v20x_rtc.c.o
 .debug_str     0x0000000000000000      0x3eb build/./vendor/Peripheral/src/ch32v20x_rtc.c.o
 .comment       0x0000000000000000       0x34 build/./vendor/Peripheral/src/ch32v20x_rtc.c.o
 .debug_frame   0x0000000000000000      0x120 build/./vendor/Peripheral/src/ch32v20x_rtc.c.o
 .text          0x0000000000000000        0x0 build/./vendor/Peripheral/src/ch32v20x_bkp.c.o
 .data          0x0000000000000000        0x0 build/./vendor/Peripheral/src/ch32v20x_bkp.c.o
 .bss           0x0000000000000000        0x0 build/./vendor/Peripheral/src/ch32v20x_bkp.c.o
 .text.BKP_DeInit
                0x0000000000000000       0x1c build/./vendor/Peripheral/src/ch32v20x_bkp.c.o
 .text.BKP_TamperPinLevelConfig
                0x0000000000000000       0x24 build/./vendor/Peripheral/src/ch32v20x_bkp.c.o
 .text.BKP_TamperPinCmd
                0x0000000000000000       0x24 build/./vendor/Peripheral/src/ch32v20x_bkp.c.o
 .text.BKP_ITConfig
                0x0000000000000000       0x24 build/./vendor/Peripheral/src/ch32v20x_bkp.c.o
 .text.BKP_RTCOutputConfig
                0x0000000000000000       0x18 build/./vendor/Peripheral/src/ch32v20x_bkp.c.o
 .text.BKP_SetRTCCalibrationValue
                0x0000000000000000       0x18 build/./vendor/Peripheral/src/ch32v20x_bkp.c.o
 .text.BKP_WriteBackupRegister
                0x0000000000000000       0x1c build/./vendor/Peripheral/src/ch32v20x_bkp.c.o
 .text.BKP_ReadBackupRegister
                0x0000000000000000       0x22 build/./vendor/Peripheral/src/ch32v20x_bkp.c.o
 .text.BKP_GetFlagStatus
                0x0000000000000000        0xe build/./vendor/Peripheral/src/ch32v20x_bkp.c.o
 .text.BKP_ClearFlag
                0x0000000000000000       0x16 build/./vendor/Peripheral/src/ch32v20x_bkp.c.o
 .text.BKP_GetITStatus
                0x0000000000000000        0xe build/./vendor/Peripheral/src/ch32v20x_bkp.c.o
 .text.BKP_ClearITPendingBit
                0x0000000000000000       0x16 build/./vendor/Peripheral/src/ch32v20x_bkp.c.o
 .debug_info    0x0000000000000000      0x7d9 build/./vendor/Peripheral/src/ch32v20x_bkp.c.o
 .debug_abbrev  0x0000000000000000      0x1a5 build/./vendor/Peripheral/src/ch32v20x_bkp.c.o
 .debug_loc     0x0000000000000000       0x80 build/./vendor/Peripheral/src/ch32v20x_bkp.c.o
 .debug_aranges
                0x0000000000000000       0x78 build/./vendor/Peripheral/src/ch32v20x_bkp.c.o
 .debug_ranges  0x0000000000000000       0x68 build/./vendor/Peripheral/src/ch32v20x_bkp.c.o
 .debug_line    0x0000000000000000      0x578 build/./vendor/Peripheral/src/ch32v20x_bkp.c.o
 .debug_str     0x0000000000000000      0x6a4 build/./vendor/Peripheral/src/ch32v20x_bkp.c.o
 .comment       0x0000000000000000       0x34 build/./vendor/Peripheral/src/ch32v20x_bkp.c.o
 .debug_frame   0x0000000000000000       0xec build/./vendor/Peripheral/src/ch32v20x_bkp.c.o
 .text          0x0000000000000000        0x0 build/./vendor/Peripheral/src/ch32v20x_can.c.o
 .data          0x0000000000000000        0x0 build/./vendor/Peripheral/src/ch32v20x_can.c.o
 .bss           0x0000000000000000        0x0 build/./vendor/Peripheral/src/ch32v20x_can.c.o
 .text.CAN_DeInit
                0x0000000000000000       0x44 build/./vendor/Peripheral/src/ch32v20x_can.c.o
 .text.CAN_Init
                0x0000000000000000       0xf2 build/./vendor/Peripheral/src/ch32v20x_can.c.o
 .text.CAN_FilterInit
                0x0000000000000000      0x130 build/./vendor/Peripheral/src/ch32v20x_can.c.o
 .text.CAN_StructInit
                0x0000000000000000       0x26 build/./vendor/Peripheral/src/ch32v20x_can.c.o
 .text.CAN_SlaveStartBank
                0x0000000000000000       0x2c build/./vendor/Peripheral/src/ch32v20x_can.c.o
 .text.CAN_DBGFreeze
                0x0000000000000000       0x14 build/./vendor/Peripheral/src/ch32v20x_can.c.o
 .text.CAN_TTComModeCmd
                0x0000000000000000       0x4a build/./vendor/Peripheral/src/ch32v20x_can.c.o
 .text.CAN_Transmit
                0x0000000000000000       0xc8 build/./vendor/Peripheral/src/ch32v20x_can.c.o
 .text.CAN_TransmitStatus
                0x0000000000000000       0x60 build/./vendor/Peripheral/src/ch32v20x_can.c.o
 .text.CAN_CancelTransmit
                0x0000000000000000       0x28 build/./vendor/Peripheral/src/ch32v20x_can.c.o
 .text.CAN_Receive
                0x0000000000000000       0x92 build/./vendor/Peripheral/src/ch32v20x_can.c.o
 .text.CAN_FIFORelease
                0x0000000000000000       0x16 build/./vendor/Peripheral/src/ch32v20x_can.c.o
 .text.CAN_MessagePending
                0x0000000000000000       0x16 build/./vendor/Peripheral/src/ch32v20x_can.c.o
 .text.CAN_OperatingModeRequest
                0x0000000000000000       0x72 build/./vendor/Peripheral/src/ch32v20x_can.c.o
 .text.CAN_Sleep
                0x0000000000000000       0x16 build/./vendor/Peripheral/src/ch32v20x_can.c.o
 .text.CAN_WakeUp
                0x0000000000000000       0x1e build/./vendor/Peripheral/src/ch32v20x_can.c.o
 .text.CAN_GetLastErrorCode
                0x0000000000000000        0x8 build/./vendor/Peripheral/src/ch32v20x_can.c.o
 .text.CAN_GetReceiveErrorCounter
                0x0000000000000000        0x6 build/./vendor/Peripheral/src/ch32v20x_can.c.o
 .text.CAN_GetLSBTransmitErrorCounter
                0x0000000000000000        0xa build/./vendor/Peripheral/src/ch32v20x_can.c.o
 .text.CAN_ITConfig
                0x0000000000000000       0x12 build/./vendor/Peripheral/src/ch32v20x_can.c.o
 .text.CAN_GetFlagStatus
                0x0000000000000000       0x50 build/./vendor/Peripheral/src/ch32v20x_can.c.o
 .text.CAN_ClearFlag
                0x0000000000000000       0x40 build/./vendor/Peripheral/src/ch32v20x_can.c.o
 .text.CAN_GetITStatus
                0x0000000000000000       0xce build/./vendor/Peripheral/src/ch32v20x_can.c.o
 .text.CAN_ClearITPendingBit
                0x0000000000000000       0x98 build/./vendor/Peripheral/src/ch32v20x_can.c.o
 .debug_info    0x0000000000000000      0xf01 build/./vendor/Peripheral/src/ch32v20x_can.c.o
 .debug_abbrev  0x0000000000000000      0x2ea build/./vendor/Peripheral/src/ch32v20x_can.c.o
 .debug_loc     0x0000000000000000      0x982 build/./vendor/Peripheral/src/ch32v20x_can.c.o
 .debug_aranges
                0x0000000000000000       0xd8 build/./vendor/Peripheral/src/ch32v20x_can.c.o
 .debug_ranges  0x0000000000000000       0xf8 build/./vendor/Peripheral/src/ch32v20x_can.c.o
 .debug_line    0x0000000000000000     0x1ab7 build/./vendor/Peripheral/src/ch32v20x_can.c.o
 .debug_str     0x0000000000000000      0x7ba build/./vendor/Peripheral/src/ch32v20x_can.c.o
 .comment       0x0000000000000000       0x34 build/./vendor/Peripheral/src/ch32v20x_can.c.o
 .debug_frame   0x0000000000000000      0x1a0 build/./vendor/Peripheral/src/ch32v20x_can.c.o
 .text          0x0000000000000000        0x0 build/./vendor/Peripheral/src/ch32v20x_wwdg.c.o
 .data          0x0000000000000000        0x0 build/./vendor/Peripheral/src/ch32v20x_wwdg.c.o
 .bss           0x0000000000000000        0x0 build/./vendor/Peripheral/src/ch32v20x_wwdg.c.o
 .text.WWDG_DeInit
                0x0000000000000000       0x2a build/./vendor/Peripheral/src/ch32v20x_wwdg.c.o
 .text.WWDG_SetPrescaler
                0x0000000000000000       0x14 build/./vendor/Peripheral/src/ch32v20x_wwdg.c.o
 .text.WWDG_SetWindowValue
                0x0000000000000000       0x26 build/./vendor/Peripheral/src/ch32v20x_wwdg.c.o
 .text.WWDG_EnableIT
                0x0000000000000000       0x12 build/./vendor/Peripheral/src/ch32v20x_wwdg.c.o
 .text.WWDG_SetCounter
                0x0000000000000000        0xe build/./vendor/Peripheral/src/ch32v20x_wwdg.c.o
 .text.WWDG_Enable
                0x0000000000000000        0xe build/./vendor/Peripheral/src/ch32v20x_wwdg.c.o
 .text.WWDG_GetFlagStatus
                0x0000000000000000        0xc build/./vendor/Peripheral/src/ch32v20x_wwdg.c.o
 .text.WWDG_ClearFlag
                0x0000000000000000        0xe build/./vendor/Peripheral/src/ch32v20x_wwdg.c.o
 .debug_info    0x0000000000000000      0x272 build/./vendor/Peripheral/src/ch32v20x_wwdg.c.o
 .debug_abbrev  0x0000000000000000      0x164 build/./vendor/Peripheral/src/ch32v20x_wwdg.c.o
 .debug_loc     0x0000000000000000       0x82 build/./vendor/Peripheral/src/ch32v20x_wwdg.c.o
 .debug_aranges
                0x0000000000000000       0x58 build/./vendor/Peripheral/src/ch32v20x_wwdg.c.o
 .debug_ranges  0x0000000000000000       0x48 build/./vendor/Peripheral/src/ch32v20x_wwdg.c.o
 .debug_line    0x0000000000000000      0x3af build/./vendor/Peripheral/src/ch32v20x_wwdg.c.o
 .debug_str     0x0000000000000000      0x2b1 build/./vendor/Peripheral/src/ch32v20x_wwdg.c.o
 .comment       0x0000000000000000       0x34 build/./vendor/Peripheral/src/ch32v20x_wwdg.c.o
 .debug_frame   0x0000000000000000       0xa8 build/./vendor/Peripheral/src/ch32v20x_wwdg.c.o
 .text          0x0000000000000000        0x0 build/./vendor/Peripheral/src/ch32v20x_dma.c.o
 .data          0x0000000000000000        0x0 build/./vendor/Peripheral/src/ch32v20x_dma.c.o
 .bss           0x0000000000000000        0x0 build/./vendor/Peripheral/src/ch32v20x_dma.c.o
 .text.DMA_DeInit
                0x0000000000000000       0x9c build/./vendor/Peripheral/src/ch32v20x_dma.c.o
 .text.DMA_Init
                0x0000000000000000       0x38 build/./vendor/Peripheral/src/ch32v20x_dma.c.o
 .text.DMA_StructInit
                0x0000000000000000       0x2e build/./vendor/Peripheral/src/ch32v20x_dma.c.o
 .text.DMA_Cmd  0x0000000000000000       0x14 build/./vendor/Peripheral/src/ch32v20x_dma.c.o
 .text.DMA_ITConfig
                0x0000000000000000       0x12 build/./vendor/Peripheral/src/ch32v20x_dma.c.o
 .text.DMA_SetCurrDataCounter
                0x0000000000000000        0x4 build/./vendor/Peripheral/src/ch32v20x_dma.c.o
 .text.DMA_GetCurrDataCounter
                0x0000000000000000        0x8 build/./vendor/Peripheral/src/ch32v20x_dma.c.o
 .text.DMA_GetFlagStatus
                0x0000000000000000        0xe build/./vendor/Peripheral/src/ch32v20x_dma.c.o
 .text.DMA_ClearFlag
                0x0000000000000000        0x8 build/./vendor/Peripheral/src/ch32v20x_dma.c.o
 .text.DMA_GetITStatus
                0x0000000000000000        0x8 build/./vendor/Peripheral/src/ch32v20x_dma.c.o
 .text.DMA_ClearITPendingBit
                0x0000000000000000        0x8 build/./vendor/Peripheral/src/ch32v20x_dma.c.o
 .debug_info    0x0000000000000000      0x46e build/./vendor/Peripheral/src/ch32v20x_dma.c.o
 .debug_abbrev  0x0000000000000000      0x1de build/./vendor/Peripheral/src/ch32v20x_dma.c.o
 .debug_loc     0x0000000000000000      0x155 build/./vendor/Peripheral/src/ch32v20x_dma.c.o
 .debug_aranges
                0x0000000000000000       0x60 build/./vendor/Peripheral/src/ch32v20x_dma.c.o
 .debug_ranges  0x0000000000000000       0x50 build/./vendor/Peripheral/src/ch32v20x_dma.c.o
 .debug_line    0x0000000000000000      0x68b build/./vendor/Peripheral/src/ch32v20x_dma.c.o
 .debug_str     0x0000000000000000      0x3f2 build/./vendor/Peripheral/src/ch32v20x_dma.c.o
 .comment       0x0000000000000000       0x34 build/./vendor/Peripheral/src/ch32v20x_dma.c.o
 .debug_frame   0x0000000000000000       0xc0 build/./vendor/Peripheral/src/ch32v20x_dma.c.o
 .text          0x0000000000000000        0x0 build/./vendor/Peripheral/src/ch32v20x_tim.c.o
 .data          0x0000000000000000        0x0 build/./vendor/Peripheral/src/ch32v20x_tim.c.o
 .bss           0x0000000000000000        0x0 build/./vendor/Peripheral/src/ch32v20x_tim.c.o
 .text.TI1_Config
                0x0000000000000000       0x76 build/./vendor/Peripheral/src/ch32v20x_tim.c.o
 .text.TI2_Config
                0x0000000000000000       0x90 build/./vendor/Peripheral/src/ch32v20x_tim.c.o
 .text.TIM_DeInit
                0x0000000000000000       0xb6 build/./vendor/Peripheral/src/ch32v20x_tim.c.o
 .text.TIM_TimeBaseInit
                0x0000000000000000       0x80 build/./vendor/Peripheral/src/ch32v20x_tim.c.o
 .text.TIM_OC1Init
                0x0000000000000000       0x90 build/./vendor/Peripheral/src/ch32v20x_tim.c.o
 .text.TIM_OC2Init
                0x0000000000000000       0xb8 build/./vendor/Peripheral/src/ch32v20x_tim.c.o
 .text.TIM_OC3Init
                0x0000000000000000       0xb2 build/./vendor/Peripheral/src/ch32v20x_tim.c.o
 .text.TIM_OC4Init
                0x0000000000000000       0x8c build/./vendor/Peripheral/src/ch32v20x_tim.c.o
 .text.TIM_BDTRConfig
                0x0000000000000000       0x32 build/./vendor/Peripheral/src/ch32v20x_tim.c.o
 .text.TIM_TimeBaseStructInit
                0x0000000000000000       0x18 build/./vendor/Peripheral/src/ch32v20x_tim.c.o
 .text.TIM_OCStructInit
                0x0000000000000000       0x22 build/./vendor/Peripheral/src/ch32v20x_tim.c.o
 .text.TIM_ICStructInit
                0x0000000000000000       0x18 build/./vendor/Peripheral/src/ch32v20x_tim.c.o
 .text.TIM_BDTRStructInit
                0x0000000000000000       0x1e build/./vendor/Peripheral/src/ch32v20x_tim.c.o
 .text.TIM_Cmd  0x0000000000000000       0x1c build/./vendor/Peripheral/src/ch32v20x_tim.c.o
 .text.TIM_CtrlPWMOutputs
                0x0000000000000000       0x1a build/./vendor/Peripheral/src/ch32v20x_tim.c.o
 .text.TIM_ITConfig
                0x0000000000000000       0x1a build/./vendor/Peripheral/src/ch32v20x_tim.c.o
 .text.TIM_GenerateEvent
                0x0000000000000000        0x6 build/./vendor/Peripheral/src/ch32v20x_tim.c.o
 .text.TIM_DMAConfig
                0x0000000000000000        0x8 build/./vendor/Peripheral/src/ch32v20x_tim.c.o
 .text.TIM_DMACmd
                0x0000000000000000        0x8 build/./vendor/Peripheral/src/ch32v20x_tim.c.o
 .text.TIM_InternalClockConfig
                0x0000000000000000       0x14 build/./vendor/Peripheral/src/ch32v20x_tim.c.o
 .text.TIM_ITRxExternalClockConfig
                0x0000000000000000       0x24 build/./vendor/Peripheral/src/ch32v20x_tim.c.o
 .text.TIM_TIxExternalClockConfig
                0x0000000000000000       0x56 build/./vendor/Peripheral/src/ch32v20x_tim.c.o
 .text.TIM_ETRConfig
                0x0000000000000000       0x1a build/./vendor/Peripheral/src/ch32v20x_tim.c.o
 .text.TIM_ETRClockMode1Config
                0x0000000000000000       0x2c build/./vendor/Peripheral/src/ch32v20x_tim.c.o
 .text.TIM_ETRClockMode2Config
                0x0000000000000000       0x28 build/./vendor/Peripheral/src/ch32v20x_tim.c.o
 .text.TIM_PrescalerConfig
                0x0000000000000000        0xa build/./vendor/Peripheral/src/ch32v20x_tim.c.o
 .text.TIM_CounterModeConfig
                0x0000000000000000       0x14 build/./vendor/Peripheral/src/ch32v20x_tim.c.o
 .text.TIM_SelectInputTrigger
                0x0000000000000000       0x14 build/./vendor/Peripheral/src/ch32v20x_tim.c.o
 .text.TIM_EncoderInterfaceConfig
                0x0000000000000000       0x46 build/./vendor/Peripheral/src/ch32v20x_tim.c.o
 .text.TIM_ForcedOC1Config
                0x0000000000000000       0x14 build/./vendor/Peripheral/src/ch32v20x_tim.c.o
 .text.TIM_ForcedOC2Config
                0x0000000000000000       0x1c build/./vendor/Peripheral/src/ch32v20x_tim.c.o
 .text.TIM_ForcedOC3Config
                0x0000000000000000       0x14 build/./vendor/Peripheral/src/ch32v20x_tim.c.o
 .text.TIM_ForcedOC4Config
                0x0000000000000000       0x1c build/./vendor/Peripheral/src/ch32v20x_tim.c.o
 .text.TIM_ARRPreloadConfig
                0x0000000000000000       0x1e build/./vendor/Peripheral/src/ch32v20x_tim.c.o
 .text.TIM_SelectCOM
                0x0000000000000000       0x1c build/./vendor/Peripheral/src/ch32v20x_tim.c.o
 .text.TIM_SelectCCDMA
                0x0000000000000000       0x1c build/./vendor/Peripheral/src/ch32v20x_tim.c.o
 .text.TIM_CCPreloadControl
                0x0000000000000000       0x1c build/./vendor/Peripheral/src/ch32v20x_tim.c.o
 .text.TIM_OC1PreloadConfig
                0x0000000000000000       0x12 build/./vendor/Peripheral/src/ch32v20x_tim.c.o
 .text.TIM_OC2PreloadConfig
                0x0000000000000000       0x1e build/./vendor/Peripheral/src/ch32v20x_tim.c.o
 .text.TIM_OC3PreloadConfig
                0x0000000000000000       0x12 build/./vendor/Peripheral/src/ch32v20x_tim.c.o
 .text.TIM_OC4PreloadConfig
                0x0000000000000000       0x1e build/./vendor/Peripheral/src/ch32v20x_tim.c.o
 .text.TIM_OC1FastConfig
                0x0000000000000000       0x12 build/./vendor/Peripheral/src/ch32v20x_tim.c.o
 .text.TIM_OC2FastConfig
                0x0000000000000000       0x1a build/./vendor/Peripheral/src/ch32v20x_tim.c.o
 .text.TIM_OC3FastConfig
                0x0000000000000000       0x12 build/./vendor/Peripheral/src/ch32v20x_tim.c.o
 .text.TIM_OC4FastConfig
                0x0000000000000000       0x1a build/./vendor/Peripheral/src/ch32v20x_tim.c.o
 .text.TIM_ClearOC1Ref
                0x0000000000000000       0x14 build/./vendor/Peripheral/src/ch32v20x_tim.c.o
 .text.TIM_ClearOC2Ref
                0x0000000000000000       0x16 build/./vendor/Peripheral/src/ch32v20x_tim.c.o
 .text.TIM_ClearOC3Ref
                0x0000000000000000       0x14 build/./vendor/Peripheral/src/ch32v20x_tim.c.o
 .text.TIM_ClearOC4Ref
                0x0000000000000000       0x16 build/./vendor/Peripheral/src/ch32v20x_tim.c.o
 .text.TIM_OC1PolarityConfig
                0x0000000000000000       0x12 build/./vendor/Peripheral/src/ch32v20x_tim.c.o
 .text.TIM_OC1NPolarityConfig
                0x0000000000000000       0x12 build/./vendor/Peripheral/src/ch32v20x_tim.c.o
 .text.TIM_OC2PolarityConfig
                0x0000000000000000       0x1a build/./vendor/Peripheral/src/ch32v20x_tim.c.o
 .text.TIM_OC2NPolarityConfig
                0x0000000000000000       0x1a build/./vendor/Peripheral/src/ch32v20x_tim.c.o
 .text.TIM_OC3PolarityConfig
                0x0000000000000000       0x1a build/./vendor/Peripheral/src/ch32v20x_tim.c.o
 .text.TIM_OC3NPolarityConfig
                0x0000000000000000       0x1e build/./vendor/Peripheral/src/ch32v20x_tim.c.o
 .text.TIM_OC4PolarityConfig
                0x0000000000000000       0x1c build/./vendor/Peripheral/src/ch32v20x_tim.c.o
 .text.TIM_CCxCmd
                0x0000000000000000       0x2c build/./vendor/Peripheral/src/ch32v20x_tim.c.o
 .text.TIM_CCxNCmd
                0x0000000000000000       0x2c build/./vendor/Peripheral/src/ch32v20x_tim.c.o
 .text.TIM_SelectOCxM
                0x0000000000000000       0x54 build/./vendor/Peripheral/src/ch32v20x_tim.c.o
 .text.TIM_UpdateDisableConfig
                0x0000000000000000       0x1c build/./vendor/Peripheral/src/ch32v20x_tim.c.o
 .text.TIM_UpdateRequestConfig
                0x0000000000000000       0x1c build/./vendor/Peripheral/src/ch32v20x_tim.c.o
 .text.TIM_SelectHallSensor
                0x0000000000000000       0x1e build/./vendor/Peripheral/src/ch32v20x_tim.c.o
 .text.TIM_SelectOnePulseMode
                0x0000000000000000       0x22 build/./vendor/Peripheral/src/ch32v20x_tim.c.o
 .text.TIM_SelectOutputTrigger
                0x0000000000000000       0x24 build/./vendor/Peripheral/src/ch32v20x_tim.c.o
 .text.TIM_SelectSlaveMode
                0x0000000000000000       0x22 build/./vendor/Peripheral/src/ch32v20x_tim.c.o
 .text.TIM_SelectMasterSlaveMode
                0x0000000000000000       0x24 build/./vendor/Peripheral/src/ch32v20x_tim.c.o
 .text.TIM_SetCounter
                0x0000000000000000        0x6 build/./vendor/Peripheral/src/ch32v20x_tim.c.o
 .text.TIM_SetAutoreload
                0x0000000000000000        0x6 build/./vendor/Peripheral/src/ch32v20x_tim.c.o
 .text.TIM_SetCompare1
                0x0000000000000000        0x6 build/./vendor/Peripheral/src/ch32v20x_tim.c.o
 .text.TIM_SetCompare2
                0x0000000000000000        0x6 build/./vendor/Peripheral/src/ch32v20x_tim.c.o
 .text.TIM_SetCompare3
                0x0000000000000000        0x6 build/./vendor/Peripheral/src/ch32v20x_tim.c.o
 .text.TIM_SetCompare4
                0x0000000000000000        0x6 build/./vendor/Peripheral/src/ch32v20x_tim.c.o
 .text.TIM_SetIC1Prescaler
                0x0000000000000000       0x22 build/./vendor/Peripheral/src/ch32v20x_tim.c.o
 .text.TIM_SetIC2Prescaler
                0x0000000000000000       0x2a build/./vendor/Peripheral/src/ch32v20x_tim.c.o
 .text.TIM_PWMIConfig
                0x0000000000000000       0xb8 build/./vendor/Peripheral/src/ch32v20x_tim.c.o
 .text.TIM_SetIC3Prescaler
                0x0000000000000000       0x22 build/./vendor/Peripheral/src/ch32v20x_tim.c.o
 .text.TIM_SetIC4Prescaler
                0x0000000000000000       0x2a build/./vendor/Peripheral/src/ch32v20x_tim.c.o
 .text.TIM_ICInit
                0x0000000000000000      0x1c6 build/./vendor/Peripheral/src/ch32v20x_tim.c.o
 .text.TIM_SetClockDivision
                0x0000000000000000       0x24 build/./vendor/Peripheral/src/ch32v20x_tim.c.o
 .text.TIM_GetCapture1
                0x0000000000000000        0xa build/./vendor/Peripheral/src/ch32v20x_tim.c.o
 .text.TIM_GetCapture2
                0x0000000000000000        0xa build/./vendor/Peripheral/src/ch32v20x_tim.c.o
 .text.TIM_GetCapture3
                0x0000000000000000        0xa build/./vendor/Peripheral/src/ch32v20x_tim.c.o
 .text.TIM_GetCapture4
                0x0000000000000000        0xa build/./vendor/Peripheral/src/ch32v20x_tim.c.o
 .text.TIM_GetCounter
                0x0000000000000000        0xa build/./vendor/Peripheral/src/ch32v20x_tim.c.o
 .text.TIM_GetPrescaler
                0x0000000000000000        0xa build/./vendor/Peripheral/src/ch32v20x_tim.c.o
 .text.TIM_GetFlagStatus
                0x0000000000000000        0xc build/./vendor/Peripheral/src/ch32v20x_tim.c.o
 .text.TIM_ClearFlag
                0x0000000000000000        0xe build/./vendor/Peripheral/src/ch32v20x_tim.c.o
 .text.TIM_GetITStatus
                0x0000000000000000       0x1c build/./vendor/Peripheral/src/ch32v20x_tim.c.o
 .text.TIM_ClearITPendingBit
                0x0000000000000000        0xe build/./vendor/Peripheral/src/ch32v20x_tim.c.o
 .debug_info    0x0000000000000000     0x21db build/./vendor/Peripheral/src/ch32v20x_tim.c.o
 .debug_abbrev  0x0000000000000000      0x333 build/./vendor/Peripheral/src/ch32v20x_tim.c.o
 .debug_loc     0x0000000000000000     0x1627 build/./vendor/Peripheral/src/ch32v20x_tim.c.o
 .debug_aranges
                0x0000000000000000      0x2d0 build/./vendor/Peripheral/src/ch32v20x_tim.c.o
 .debug_ranges  0x0000000000000000      0x308 build/./vendor/Peripheral/src/ch32v20x_tim.c.o
 .debug_line    0x0000000000000000     0x3189 build/./vendor/Peripheral/src/ch32v20x_tim.c.o
 .debug_str     0x0000000000000000      0xeb8 build/./vendor/Peripheral/src/ch32v20x_tim.c.o
 .comment       0x0000000000000000       0x34 build/./vendor/Peripheral/src/ch32v20x_tim.c.o
 .debug_frame   0x0000000000000000      0x668 build/./vendor/Peripheral/src/ch32v20x_tim.c.o
 .text          0x0000000000000000        0x0 build/./vendor/Peripheral/src/ch32v20x_spi.c.o
 .data          0x0000000000000000        0x0 build/./vendor/Peripheral/src/ch32v20x_spi.c.o
 .bss           0x0000000000000000        0x0 build/./vendor/Peripheral/src/ch32v20x_spi.c.o
 .text.SPI_I2S_DeInit
                0x0000000000000000       0x56 build/./vendor/Peripheral/src/ch32v20x_spi.c.o
 .text.I2S_Init
                0x0000000000000000       0xe6 build/./vendor/Peripheral/src/ch32v20x_spi.c.o
 .text.SPI_StructInit
                0x0000000000000000       0x24 build/./vendor/Peripheral/src/ch32v20x_spi.c.o
 .text.I2S_StructInit
                0x0000000000000000       0x12 build/./vendor/Peripheral/src/ch32v20x_spi.c.o
 .text.I2S_Cmd  0x0000000000000000       0x1e build/./vendor/Peripheral/src/ch32v20x_spi.c.o
 .text.SPI_I2S_ITConfig
                0x0000000000000000       0x28 build/./vendor/Peripheral/src/ch32v20x_spi.c.o
 .text.SPI_I2S_DMACmd
                0x0000000000000000       0x1a build/./vendor/Peripheral/src/ch32v20x_spi.c.o
 .text.SPI_I2S_ReceiveData
                0x0000000000000000        0xa build/./vendor/Peripheral/src/ch32v20x_spi.c.o
 .text.SPI_NSSInternalSoftwareConfig
                0x0000000000000000       0x2e build/./vendor/Peripheral/src/ch32v20x_spi.c.o
 .text.SPI_SSOutputCmd
                0x0000000000000000       0x1c build/./vendor/Peripheral/src/ch32v20x_spi.c.o
 .text.SPI_DataSizeConfig
                0x0000000000000000       0x24 build/./vendor/Peripheral/src/ch32v20x_spi.c.o
 .text.SPI_TransmitCRC
                0x0000000000000000       0x12 build/./vendor/Peripheral/src/ch32v20x_spi.c.o
 .text.SPI_CalculateCRC
                0x0000000000000000       0x1c build/./vendor/Peripheral/src/ch32v20x_spi.c.o
 .text.SPI_GetCRC
                0x0000000000000000       0x16 build/./vendor/Peripheral/src/ch32v20x_spi.c.o
 .text.SPI_GetCRCPolynomial
                0x0000000000000000        0xa build/./vendor/Peripheral/src/ch32v20x_spi.c.o
 .text.SPI_BiDirectionalLineConfig
                0x0000000000000000       0x28 build/./vendor/Peripheral/src/ch32v20x_spi.c.o
 .text.SPI_I2S_ClearFlag
                0x0000000000000000        0xe build/./vendor/Peripheral/src/ch32v20x_spi.c.o
 .text.SPI_I2S_GetITStatus
                0x0000000000000000       0x30 build/./vendor/Peripheral/src/ch32v20x_spi.c.o
 .text.SPI_I2S_ClearITPendingBit
                0x0000000000000000       0x16 build/./vendor/Peripheral/src/ch32v20x_spi.c.o
 .text          0x0000000000000000        0x0 build/./vendor/Peripheral/src/ch32v20x_crc.c.o
 .data          0x0000000000000000        0x0 build/./vendor/Peripheral/src/ch32v20x_crc.c.o
 .bss           0x0000000000000000        0x0 build/./vendor/Peripheral/src/ch32v20x_crc.c.o
 .text.CRC_ResetDR
                0x0000000000000000        0xa build/./vendor/Peripheral/src/ch32v20x_crc.c.o
 .text.CRC_CalcCRC
                0x0000000000000000        0xa build/./vendor/Peripheral/src/ch32v20x_crc.c.o
 .text.CRC_CalcBlockCRC
                0x0000000000000000       0x20 build/./vendor/Peripheral/src/ch32v20x_crc.c.o
 .text.CRC_GetCRC
                0x0000000000000000        0x8 build/./vendor/Peripheral/src/ch32v20x_crc.c.o
 .text.CRC_SetIDRegister
                0x0000000000000000        0xa build/./vendor/Peripheral/src/ch32v20x_crc.c.o
 .text.CRC_GetIDRegister
                0x0000000000000000        0xe build/./vendor/Peripheral/src/ch32v20x_crc.c.o
 .debug_info    0x0000000000000000      0x200 build/./vendor/Peripheral/src/ch32v20x_crc.c.o
 .debug_abbrev  0x0000000000000000      0x11b build/./vendor/Peripheral/src/ch32v20x_crc.c.o
 .debug_loc     0x0000000000000000       0x8d build/./vendor/Peripheral/src/ch32v20x_crc.c.o
 .debug_aranges
                0x0000000000000000       0x48 build/./vendor/Peripheral/src/ch32v20x_crc.c.o
 .debug_ranges  0x0000000000000000       0x38 build/./vendor/Peripheral/src/ch32v20x_crc.c.o
 .debug_line    0x0000000000000000      0x2d4 build/./vendor/Peripheral/src/ch32v20x_crc.c.o
 .debug_str     0x0000000000000000      0x27a build/./vendor/Peripheral/src/ch32v20x_crc.c.o
 .comment       0x0000000000000000       0x34 build/./vendor/Peripheral/src/ch32v20x_crc.c.o
 .debug_frame   0x0000000000000000       0x70 build/./vendor/Peripheral/src/ch32v20x_crc.c.o
 .text          0x0000000000000000        0x0 build/./vendor/Peripheral/src/ch32v20x_flash.c.o
 .data          0x0000000000000000        0x0 build/./vendor/Peripheral/src/ch32v20x_flash.c.o
 .bss           0x0000000000000000        0x0 build/./vendor/Peripheral/src/ch32v20x_flash.c.o
 .text.FLASH_Unlock
                0x0000000000000000       0x1a build/./vendor/Peripheral/src/ch32v20x_flash.c.o
 .text.FLASH_UnlockBank1
                0x0000000000000000        0x8 build/./vendor/Peripheral/src/ch32v20x_flash.c.o
 .text.FLASH_Lock
                0x0000000000000000        0xe build/./vendor/Peripheral/src/ch32v20x_flash.c.o
 .text.FLASH_LockBank1
                0x0000000000000000        0x8 build/./vendor/Peripheral/src/ch32v20x_flash.c.o
 .text.FLASH_GetUserOptionByte
                0x0000000000000000        0xa build/./vendor/Peripheral/src/ch32v20x_flash.c.o
 .text.FLASH_GetWriteProtectionOptionByte
                0x0000000000000000        0x8 build/./vendor/Peripheral/src/ch32v20x_flash.c.o
 .text.FLASH_GetReadOutProtectionStatus
                0x0000000000000000        0xc build/./vendor/Peripheral/src/ch32v20x_flash.c.o
 .text.FLASH_ITConfig
                0x0000000000000000       0x1e build/./vendor/Peripheral/src/ch32v20x_flash.c.o
 .text.FLASH_GetFlagStatus
                0x0000000000000000       0x1e build/./vendor/Peripheral/src/ch32v20x_flash.c.o
 .text.FLASH_ClearFlag
                0x0000000000000000        0x8 build/./vendor/Peripheral/src/ch32v20x_flash.c.o
 .text.FLASH_GetStatus
                0x0000000000000000       0x16 build/./vendor/Peripheral/src/ch32v20x_flash.c.o
 .text.FLASH_GetBank1Status
                0x0000000000000000       0x16 build/./vendor/Peripheral/src/ch32v20x_flash.c.o
 .text.FLASH_WaitForLastOperation
                0x0000000000000000       0x36 build/./vendor/Peripheral/src/ch32v20x_flash.c.o
 .text.FLASH_ErasePage
                0x0000000000000000       0x4e build/./vendor/Peripheral/src/ch32v20x_flash.c.o
 .text.FLASH_EraseAllPages
                0x0000000000000000       0x46 build/./vendor/Peripheral/src/ch32v20x_flash.c.o
 .text.FLASH_EraseAllBank1Pages
                0x0000000000000000        0x8 build/./vendor/Peripheral/src/ch32v20x_flash.c.o
 .text.FLASH_EraseOptionBytes
                0x0000000000000000       0xf8 build/./vendor/Peripheral/src/ch32v20x_flash.c.o
 .text.FLASH_ProgramWord
                0x0000000000000000       0x70 build/./vendor/Peripheral/src/ch32v20x_flash.c.o
 .text.FLASH_ProgramHalfWord
                0x0000000000000000       0x4a build/./vendor/Peripheral/src/ch32v20x_flash.c.o
 .text.FLASH_ProgramOptionByteData
                0x0000000000000000      0x134 build/./vendor/Peripheral/src/ch32v20x_flash.c.o
 .text.FLASH_EnableWriteProtection
                0x0000000000000000      0x138 build/./vendor/Peripheral/src/ch32v20x_flash.c.o
 .text.FLASH_ReadOutProtection
                0x0000000000000000      0x11c build/./vendor/Peripheral/src/ch32v20x_flash.c.o
 .text.FLASH_UserOptionByteConfig
                0x0000000000000000      0x128 build/./vendor/Peripheral/src/ch32v20x_flash.c.o
 .text.FLASH_WaitForLastBank1Operation
                0x0000000000000000        0x8 build/./vendor/Peripheral/src/ch32v20x_flash.c.o
 .text.FLASH_Unlock_Fast
                0x0000000000000000       0x1e build/./vendor/Peripheral/src/ch32v20x_flash.c.o
 .text.FLASH_Lock_Fast
                0x0000000000000000        0xe build/./vendor/Peripheral/src/ch32v20x_flash.c.o
 .text.FLASH_ErasePage_Fast
                0x0000000000000000       0x2e build/./vendor/Peripheral/src/ch32v20x_flash.c.o
 .text.FLASH_EraseBlock_32K_Fast
                0x0000000000000000       0x30 build/./vendor/Peripheral/src/ch32v20x_flash.c.o
 .text.FLASH_EraseBlock_64K_Fast
                0x0000000000000000       0x30 build/./vendor/Peripheral/src/ch32v20x_flash.c.o
 .text.FLASH_ProgramPage_Fast
                0x0000000000000000       0x64 build/./vendor/Peripheral/src/ch32v20x_flash.c.o
 .text.FLASH_Access_Clock_Cfg
                0x0000000000000000       0x18 build/./vendor/Peripheral/src/ch32v20x_flash.c.o
 .text.FLASH_Enhance_Mode
                0x0000000000000000       0x2e build/./vendor/Peripheral/src/ch32v20x_flash.c.o
 .text.FLASH_GetMACAddress
                0x0000000000000000       0x32 build/./vendor/Peripheral/src/ch32v20x_flash.c.o
 .debug_info    0x0000000000000000      0xb13 build/./vendor/Peripheral/src/ch32v20x_flash.c.o
 .debug_abbrev  0x0000000000000000      0x302 build/./vendor/Peripheral/src/ch32v20x_flash.c.o
 .debug_loc     0x0000000000000000      0x816 build/./vendor/Peripheral/src/ch32v20x_flash.c.o
 .debug_aranges
                0x0000000000000000      0x100 build/./vendor/Peripheral/src/ch32v20x_flash.c.o
 .debug_ranges  0x0000000000000000       0xf0 build/./vendor/Peripheral/src/ch32v20x_flash.c.o
 .debug_line    0x0000000000000000     0x1e9c build/./vendor/Peripheral/src/ch32v20x_flash.c.o
 .debug_str     0x0000000000000000      0x694 build/./vendor/Peripheral/src/ch32v20x_flash.c.o
 .comment       0x0000000000000000       0x34 build/./vendor/Peripheral/src/ch32v20x_flash.c.o
 .debug_frame   0x0000000000000000      0x308 build/./vendor/Peripheral/src/ch32v20x_flash.c.o
 .text          0x0000000000000000        0x0 build/./vendor/Peripheral/src/ch32v20x_exti.c.o
 .data          0x0000000000000000        0x0 build/./vendor/Peripheral/src/ch32v20x_exti.c.o
 .bss           0x0000000000000000        0x0 build/./vendor/Peripheral/src/ch32v20x_exti.c.o
 .text.EXTI_DeInit
                0x0000000000000000       0x22 build/./vendor/Peripheral/src/ch32v20x_exti.c.o
 .text.EXTI_Init
                0x0000000000000000       0x6a build/./vendor/Peripheral/src/ch32v20x_exti.c.o
 .text.EXTI_StructInit
                0x0000000000000000       0x12 build/./vendor/Peripheral/src/ch32v20x_exti.c.o
 .text.EXTI_GenerateSWInterrupt
                0x0000000000000000       0x10 build/./vendor/Peripheral/src/ch32v20x_exti.c.o
 .text.EXTI_GetFlagStatus
                0x0000000000000000       0x12 build/./vendor/Peripheral/src/ch32v20x_exti.c.o
 .text.EXTI_ClearFlag
                0x0000000000000000        0xc build/./vendor/Peripheral/src/ch32v20x_exti.c.o
 .text.EXTI_GetITStatus
                0x0000000000000000       0x1e build/./vendor/Peripheral/src/ch32v20x_exti.c.o
 .text.EXTI_ClearITPendingBit
                0x0000000000000000        0xc build/./vendor/Peripheral/src/ch32v20x_exti.c.o
 .debug_info    0x0000000000000000      0x35b build/./vendor/Peripheral/src/ch32v20x_exti.c.o
 .debug_abbrev  0x0000000000000000      0x1a5 build/./vendor/Peripheral/src/ch32v20x_exti.c.o
 .debug_loc     0x0000000000000000      0x146 build/./vendor/Peripheral/src/ch32v20x_exti.c.o
 .debug_aranges
                0x0000000000000000       0x50 build/./vendor/Peripheral/src/ch32v20x_exti.c.o
 .debug_ranges  0x0000000000000000       0x40 build/./vendor/Peripheral/src/ch32v20x_exti.c.o
 .debug_line    0x0000000000000000      0x4d4 build/./vendor/Peripheral/src/ch32v20x_exti.c.o
 .debug_str     0x0000000000000000      0x38c build/./vendor/Peripheral/src/ch32v20x_exti.c.o
 .comment       0x0000000000000000       0x34 build/./vendor/Peripheral/src/ch32v20x_exti.c.o
 .debug_frame   0x0000000000000000       0x90 build/./vendor/Peripheral/src/ch32v20x_exti.c.o
 .text          0x0000000000000000        0x0 build/./vendor/Peripheral/src/ch32v20x_opa.c.o
 .data          0x0000000000000000        0x0 build/./vendor/Peripheral/src/ch32v20x_opa.c.o
 .bss           0x0000000000000000        0x0 build/./vendor/Peripheral/src/ch32v20x_opa.c.o
 .text.OPA_DeInit
                0x0000000000000000        0xa build/./vendor/Peripheral/src/ch32v20x_opa.c.o
 .text.OPA_Init
                0x0000000000000000       0x36 build/./vendor/Peripheral/src/ch32v20x_opa.c.o
 .text.OPA_StructInit
                0x0000000000000000       0x12 build/./vendor/Peripheral/src/ch32v20x_opa.c.o
 .text.OPA_Cmd  0x0000000000000000       0x2c build/./vendor/Peripheral/src/ch32v20x_opa.c.o
 .debug_info    0x0000000000000000      0x275 build/./vendor/Peripheral/src/ch32v20x_opa.c.o
 .debug_abbrev  0x0000000000000000      0x11d build/./vendor/Peripheral/src/ch32v20x_opa.c.o
 .debug_loc     0x0000000000000000       0x56 build/./vendor/Peripheral/src/ch32v20x_opa.c.o
 .debug_aranges
                0x0000000000000000       0x38 build/./vendor/Peripheral/src/ch32v20x_opa.c.o
 .debug_ranges  0x0000000000000000       0x28 build/./vendor/Peripheral/src/ch32v20x_opa.c.o
 .debug_line    0x0000000000000000      0x342 build/./vendor/Peripheral/src/ch32v20x_opa.c.o
 .debug_str     0x0000000000000000      0x2ba build/./vendor/Peripheral/src/ch32v20x_opa.c.o
 .comment       0x0000000000000000       0x34 build/./vendor/Peripheral/src/ch32v20x_opa.c.o
 .debug_frame   0x0000000000000000       0x50 build/./vendor/Peripheral/src/ch32v20x_opa.c.o
 .text          0x0000000000000000        0x0 build/./vendor/Peripheral/src/ch32v20x_i2c.c.o
 .data          0x0000000000000000        0x0 build/./vendor/Peripheral/src/ch32v20x_i2c.c.o
 .bss           0x0000000000000000        0x0 build/./vendor/Peripheral/src/ch32v20x_i2c.c.o
 .text.I2C_DeInit
                0x0000000000000000       0x44 build/./vendor/Peripheral/src/ch32v20x_i2c.c.o
 .text.I2C_Init
                0x0000000000000000      0x130 build/./vendor/Peripheral/src/ch32v20x_i2c.c.o
 .text.I2C_StructInit
                0x0000000000000000       0x1a build/./vendor/Peripheral/src/ch32v20x_i2c.c.o
 .text.I2C_Cmd  0x0000000000000000       0x1c build/./vendor/Peripheral/src/ch32v20x_i2c.c.o
 .text.I2C_DMACmd
                0x0000000000000000       0x26 build/./vendor/Peripheral/src/ch32v20x_i2c.c.o
 .text.I2C_DMALastTransferCmd
                0x0000000000000000       0x1c build/./vendor/Peripheral/src/ch32v20x_i2c.c.o
 .text.I2C_GenerateSTART
                0x0000000000000000       0x1e build/./vendor/Peripheral/src/ch32v20x_i2c.c.o
 .text.I2C_GenerateSTOP
                0x0000000000000000       0x1e build/./vendor/Peripheral/src/ch32v20x_i2c.c.o
 .text.I2C_AcknowledgeConfig
                0x0000000000000000       0x1e build/./vendor/Peripheral/src/ch32v20x_i2c.c.o
 .text.I2C_OwnAddress2Config
                0x0000000000000000       0x18 build/./vendor/Peripheral/src/ch32v20x_i2c.c.o
 .text.I2C_DualAddressCmd
                0x0000000000000000       0x1c build/./vendor/Peripheral/src/ch32v20x_i2c.c.o
 .text.I2C_GeneralCallCmd
                0x0000000000000000       0x1e build/./vendor/Peripheral/src/ch32v20x_i2c.c.o
 .text.I2C_ITConfig
                0x0000000000000000       0x1a build/./vendor/Peripheral/src/ch32v20x_i2c.c.o
 .text.I2C_SendData
                0x0000000000000000        0x6 build/./vendor/Peripheral/src/ch32v20x_i2c.c.o
 .text.I2C_ReceiveData
                0x0000000000000000        0xa build/./vendor/Peripheral/src/ch32v20x_i2c.c.o
 .text.I2C_Send7bitAddress
                0x0000000000000000       0x14 build/./vendor/Peripheral/src/ch32v20x_i2c.c.o
 .text.I2C_ReadRegister
                0x0000000000000000       0x1a build/./vendor/Peripheral/src/ch32v20x_i2c.c.o
 .text.I2C_SoftwareResetCmd
                0x0000000000000000       0x1a build/./vendor/Peripheral/src/ch32v20x_i2c.c.o
 .text.I2C_NACKPositionConfig
                0x0000000000000000       0x2a build/./vendor/Peripheral/src/ch32v20x_i2c.c.o
 .text.I2C_SMBusAlertConfig
                0x0000000000000000       0x28 build/./vendor/Peripheral/src/ch32v20x_i2c.c.o
 .text.I2C_TransmitPEC
                0x0000000000000000       0x1c build/./vendor/Peripheral/src/ch32v20x_i2c.c.o
 .text.I2C_PECPositionConfig
                0x0000000000000000        0x8 build/./vendor/Peripheral/src/ch32v20x_i2c.c.o
 .text.I2C_CalculatePEC
                0x0000000000000000       0x1e build/./vendor/Peripheral/src/ch32v20x_i2c.c.o
 .text.I2C_GetPEC
                0x0000000000000000        0xc build/./vendor/Peripheral/src/ch32v20x_i2c.c.o
 .text.I2C_ARPCmd
                0x0000000000000000       0x1c build/./vendor/Peripheral/src/ch32v20x_i2c.c.o
 .text.I2C_StretchClockCmd
                0x0000000000000000       0x1e build/./vendor/Peripheral/src/ch32v20x_i2c.c.o
 .text.I2C_FastModeDutyCycleConfig
                0x0000000000000000       0x28 build/./vendor/Peripheral/src/ch32v20x_i2c.c.o
 .text.I2C_CheckEvent
                0x0000000000000000       0x1e build/./vendor/Peripheral/src/ch32v20x_i2c.c.o
 .text.I2C_GetLastEvent
                0x0000000000000000       0x16 build/./vendor/Peripheral/src/ch32v20x_i2c.c.o
 .text.I2C_GetFlagStatus
                0x0000000000000000       0x34 build/./vendor/Peripheral/src/ch32v20x_i2c.c.o
 .text.I2C_ClearFlag
                0x0000000000000000        0xe build/./vendor/Peripheral/src/ch32v20x_i2c.c.o
 .text.I2C_GetITStatus
                0x0000000000000000       0x24 build/./vendor/Peripheral/src/ch32v20x_i2c.c.o
 .text.I2C_ClearITPendingBit
                0x0000000000000000        0xe build/./vendor/Peripheral/src/ch32v20x_i2c.c.o
 .debug_info    0x0000000000000000      0xbcf build/./vendor/Peripheral/src/ch32v20x_i2c.c.o
 .debug_abbrev  0x0000000000000000      0x275 build/./vendor/Peripheral/src/ch32v20x_i2c.c.o
 .debug_loc     0x0000000000000000      0x71c build/./vendor/Peripheral/src/ch32v20x_i2c.c.o
 .debug_aranges
                0x0000000000000000      0x110 build/./vendor/Peripheral/src/ch32v20x_i2c.c.o
 .debug_ranges  0x0000000000000000      0x100 build/./vendor/Peripheral/src/ch32v20x_i2c.c.o
 .debug_line    0x0000000000000000     0x105d build/./vendor/Peripheral/src/ch32v20x_i2c.c.o
 .debug_str     0x0000000000000000      0x6df build/./vendor/Peripheral/src/ch32v20x_i2c.c.o
 .comment       0x0000000000000000       0x34 build/./vendor/Peripheral/src/ch32v20x_i2c.c.o
 .debug_frame   0x0000000000000000      0x260 build/./vendor/Peripheral/src/ch32v20x_i2c.c.o
 .text          0x0000000000000000        0x0 build/./vendor/Peripheral/src/ch32v20x_iwdg.c.o
 .data          0x0000000000000000        0x0 build/./vendor/Peripheral/src/ch32v20x_iwdg.c.o
 .bss           0x0000000000000000        0x0 build/./vendor/Peripheral/src/ch32v20x_iwdg.c.o
 .text.IWDG_WriteAccessCmd
                0x0000000000000000        0x8 build/./vendor/Peripheral/src/ch32v20x_iwdg.c.o
 .text.IWDG_SetPrescaler
                0x0000000000000000        0x8 build/./vendor/Peripheral/src/ch32v20x_iwdg.c.o
 .text.IWDG_SetReload
                0x0000000000000000        0x8 build/./vendor/Peripheral/src/ch32v20x_iwdg.c.o
 .text.IWDG_ReloadCounter
                0x0000000000000000        0xe build/./vendor/Peripheral/src/ch32v20x_iwdg.c.o
 .text.IWDG_Enable
                0x0000000000000000        0xe build/./vendor/Peripheral/src/ch32v20x_iwdg.c.o
 .text.IWDG_GetFlagStatus
                0x0000000000000000        0xe build/./vendor/Peripheral/src/ch32v20x_iwdg.c.o
 .debug_info    0x0000000000000000      0x201 build/./vendor/Peripheral/src/ch32v20x_iwdg.c.o
 .debug_abbrev  0x0000000000000000      0x135 build/./vendor/Peripheral/src/ch32v20x_iwdg.c.o
 .debug_loc     0x0000000000000000       0x68 build/./vendor/Peripheral/src/ch32v20x_iwdg.c.o
 .debug_aranges
                0x0000000000000000       0x48 build/./vendor/Peripheral/src/ch32v20x_iwdg.c.o
 .debug_ranges  0x0000000000000000       0x38 build/./vendor/Peripheral/src/ch32v20x_iwdg.c.o
 .debug_line    0x0000000000000000      0x285 build/./vendor/Peripheral/src/ch32v20x_iwdg.c.o
 .debug_str     0x0000000000000000      0x29e build/./vendor/Peripheral/src/ch32v20x_iwdg.c.o
 .comment       0x0000000000000000       0x34 build/./vendor/Peripheral/src/ch32v20x_iwdg.c.o
 .debug_frame   0x0000000000000000       0x70 build/./vendor/Peripheral/src/ch32v20x_iwdg.c.o
 .text          0x0000000000000000        0x0 build/./vendor/Peripheral/src/ch32v20x_pwr.c.o
 .data          0x0000000000000000        0x0 build/./vendor/Peripheral/src/ch32v20x_pwr.c.o
 .bss           0x0000000000000000        0x0 build/./vendor/Peripheral/src/ch32v20x_pwr.c.o
 .text.PWR_DeInit
                0x0000000000000000       0x24 build/./vendor/Peripheral/src/ch32v20x_pwr.c.o
 .text.PWR_BackupAccessCmd
                0x0000000000000000       0x16 build/./vendor/Peripheral/src/ch32v20x_pwr.c.o
 .text.PWR_PVDCmd
                0x0000000000000000       0x14 build/./vendor/Peripheral/src/ch32v20x_pwr.c.o
 .text.PWR_PVDLevelConfig
                0x0000000000000000       0x10 build/./vendor/Peripheral/src/ch32v20x_pwr.c.o
 .text.PWR_WakeUpPinCmd
                0x0000000000000000       0x16 build/./vendor/Peripheral/src/ch32v20x_pwr.c.o
 .text.PWR_EnterSTOPMode
                0x0000000000000000       0x72 build/./vendor/Peripheral/src/ch32v20x_pwr.c.o
 .text.PWR_EnterSTANDBYMode
                0x0000000000000000       0x30 build/./vendor/Peripheral/src/ch32v20x_pwr.c.o
 .text.PWR_GetFlagStatus
                0x0000000000000000        0xe build/./vendor/Peripheral/src/ch32v20x_pwr.c.o
 .text.PWR_ClearFlag
                0x0000000000000000        0xe build/./vendor/Peripheral/src/ch32v20x_pwr.c.o
 .text.PWR_EnterSTANDBYMode_RAM
                0x0000000000000000       0x2a build/./vendor/Peripheral/src/ch32v20x_pwr.c.o
 .text.PWR_EnterSTANDBYMode_RAM_LV
                0x0000000000000000       0x2c build/./vendor/Peripheral/src/ch32v20x_pwr.c.o
 .text.PWR_EnterSTANDBYMode_RAM_VBAT_EN
                0x0000000000000000       0x2c build/./vendor/Peripheral/src/ch32v20x_pwr.c.o
 .text.PWR_EnterSTANDBYMode_RAM_LV_VBAT_EN
                0x0000000000000000       0x2c build/./vendor/Peripheral/src/ch32v20x_pwr.c.o
 .text.PWR_EnterSTOPMode_RAM_LV
                0x0000000000000000       0x78 build/./vendor/Peripheral/src/ch32v20x_pwr.c.o
 .debug_info    0x0000000000000000      0x753 build/./vendor/Peripheral/src/ch32v20x_pwr.c.o
 .debug_abbrev  0x0000000000000000      0x2a3 build/./vendor/Peripheral/src/ch32v20x_pwr.c.o
 .debug_loc     0x0000000000000000      0x24b build/./vendor/Peripheral/src/ch32v20x_pwr.c.o
 .debug_aranges
                0x0000000000000000       0x88 build/./vendor/Peripheral/src/ch32v20x_pwr.c.o
 .debug_ranges  0x0000000000000000       0xd8 build/./vendor/Peripheral/src/ch32v20x_pwr.c.o
 .debug_line    0x0000000000000000      0x9e4 build/./vendor/Peripheral/src/ch32v20x_pwr.c.o
 .debug_str     0x0000000000000000      0x456 build/./vendor/Peripheral/src/ch32v20x_pwr.c.o
 .comment       0x0000000000000000       0x34 build/./vendor/Peripheral/src/ch32v20x_pwr.c.o
 .debug_frame   0x0000000000000000       0xfc build/./vendor/Peripheral/src/ch32v20x_pwr.c.o
 .text          0x0000000000000000        0x0 build/./vendor/Peripheral/src/ch32v20x_misc.c.o
 .data          0x0000000000000000        0x0 build/./vendor/Peripheral/src/ch32v20x_misc.c.o
 .bss           0x0000000000000000        0x0 build/./vendor/Peripheral/src/ch32v20x_misc.c.o
 .text.NVIC_Init
                0x0000000000000000       0xb8 build/./vendor/Peripheral/src/ch32v20x_misc.c.o
 .text          0x0000000000000000        0x0 build/./vendor/Peripheral/src/ch32v20x_adc.c.o
 .data          0x0000000000000000        0x0 build/./vendor/Peripheral/src/ch32v20x_adc.c.o
 .bss           0x0000000000000000        0x0 build/./vendor/Peripheral/src/ch32v20x_adc.c.o
 .text.ADC_DeInit
                0x0000000000000000       0x58 build/./vendor/Peripheral/src/ch32v20x_adc.c.o
 .text.ADC_Init
                0x0000000000000000       0x58 build/./vendor/Peripheral/src/ch32v20x_adc.c.o
 .text.ADC_StructInit
                0x0000000000000000       0x1c build/./vendor/Peripheral/src/ch32v20x_adc.c.o
 .text.ADC_Cmd  0x0000000000000000       0x10 build/./vendor/Peripheral/src/ch32v20x_adc.c.o
 .text.ADC_DMACmd
                0x0000000000000000       0x12 build/./vendor/Peripheral/src/ch32v20x_adc.c.o
 .text.ADC_ITConfig
                0x0000000000000000       0x16 build/./vendor/Peripheral/src/ch32v20x_adc.c.o
 .text.ADC_ResetCalibration
                0x0000000000000000        0xa build/./vendor/Peripheral/src/ch32v20x_adc.c.o
 .text.ADC_GetResetCalibrationStatus
                0x0000000000000000        0x8 build/./vendor/Peripheral/src/ch32v20x_adc.c.o
 .text.ADC_StartCalibration
                0x0000000000000000        0xa build/./vendor/Peripheral/src/ch32v20x_adc.c.o
 .text.ADC_GetCalibrationStatus
                0x0000000000000000        0x8 build/./vendor/Peripheral/src/ch32v20x_adc.c.o
 .text.ADC_SoftwareStartConvCmd
                0x0000000000000000       0x18 build/./vendor/Peripheral/src/ch32v20x_adc.c.o
 .text.ADC_GetSoftwareStartConvStatus
                0x0000000000000000        0x8 build/./vendor/Peripheral/src/ch32v20x_adc.c.o
 .text.ADC_DiscModeChannelCountConfig
                0x0000000000000000       0x12 build/./vendor/Peripheral/src/ch32v20x_adc.c.o
 .text.ADC_DiscModeCmd
                0x0000000000000000       0x1a build/./vendor/Peripheral/src/ch32v20x_adc.c.o
 .text.ADC_RegularChannelConfig
                0x0000000000000000       0xb8 build/./vendor/Peripheral/src/ch32v20x_adc.c.o
 .text.ADC_ExternalTrigConvCmd
                0x0000000000000000       0x18 build/./vendor/Peripheral/src/ch32v20x_adc.c.o
 .text.ADC_GetConversionValue
                0x0000000000000000        0x8 build/./vendor/Peripheral/src/ch32v20x_adc.c.o
 .text.ADC_GetDualModeConversionValue
                0x0000000000000000        0xa build/./vendor/Peripheral/src/ch32v20x_adc.c.o
 .text.ADC_AutoInjectedConvCmd
                0x0000000000000000       0x12 build/./vendor/Peripheral/src/ch32v20x_adc.c.o
 .text.ADC_InjectedDiscModeCmd
                0x0000000000000000       0x14 build/./vendor/Peripheral/src/ch32v20x_adc.c.o
 .text.ADC_ExternalTrigInjectedConvConfig
                0x0000000000000000        0xe build/./vendor/Peripheral/src/ch32v20x_adc.c.o
 .text.ADC_ExternalTrigInjectedConvCmd
                0x0000000000000000       0x14 build/./vendor/Peripheral/src/ch32v20x_adc.c.o
 .text.ADC_SoftwareStartInjectedConvCmd
                0x0000000000000000       0x18 build/./vendor/Peripheral/src/ch32v20x_adc.c.o
 .text.ADC_GetSoftwareStartInjectedConvCmdStatus
                0x0000000000000000        0x8 build/./vendor/Peripheral/src/ch32v20x_adc.c.o
 .text.ADC_InjectedChannelConfig
                0x0000000000000000       0x7a build/./vendor/Peripheral/src/ch32v20x_adc.c.o
 .text.ADC_InjectedSequencerLengthConfig
                0x0000000000000000       0x14 build/./vendor/Peripheral/src/ch32v20x_adc.c.o
 .text.ADC_SetInjectedOffset
                0x0000000000000000       0x14 build/./vendor/Peripheral/src/ch32v20x_adc.c.o
 .text.ADC_GetInjectedConversionValue
                0x0000000000000000       0x1c build/./vendor/Peripheral/src/ch32v20x_adc.c.o
 .text.ADC_AnalogWatchdogCmd
                0x0000000000000000       0x12 build/./vendor/Peripheral/src/ch32v20x_adc.c.o
 .text.ADC_AnalogWatchdogThresholdsConfig
                0x0000000000000000        0x6 build/./vendor/Peripheral/src/ch32v20x_adc.c.o
 .text.ADC_AnalogWatchdogSingleChannelConfig
                0x0000000000000000        0xa build/./vendor/Peripheral/src/ch32v20x_adc.c.o
 .text.ADC_TempSensorVrefintCmd
                0x0000000000000000       0x20 build/./vendor/Peripheral/src/ch32v20x_adc.c.o
 .text.ADC_GetFlagStatus
                0x0000000000000000        0xa build/./vendor/Peripheral/src/ch32v20x_adc.c.o
 .text.ADC_ClearFlag
                0x0000000000000000        0x8 build/./vendor/Peripheral/src/ch32v20x_adc.c.o
 .text.ADC_GetITStatus
                0x0000000000000000       0x1a build/./vendor/Peripheral/src/ch32v20x_adc.c.o
 .text.ADC_ClearITPendingBit
                0x0000000000000000        0xa build/./vendor/Peripheral/src/ch32v20x_adc.c.o
 .text.TempSensor_Volt_To_Temper
                0x0000000000000000       0x2a build/./vendor/Peripheral/src/ch32v20x_adc.c.o
 .text.ADC_BufferCmd
                0x0000000000000000       0x18 build/./vendor/Peripheral/src/ch32v20x_adc.c.o
 .text.Get_CalibrationValue
                0x0000000000000000      0x2de build/./vendor/Peripheral/src/ch32v20x_adc.c.o
 .debug_info    0x0000000000000000      0xe3a build/./vendor/Peripheral/src/ch32v20x_adc.c.o
 .debug_abbrev  0x0000000000000000      0x249 build/./vendor/Peripheral/src/ch32v20x_adc.c.o
 .debug_loc     0x0000000000000000      0xa94 build/./vendor/Peripheral/src/ch32v20x_adc.c.o
 .debug_aranges
                0x0000000000000000      0x150 build/./vendor/Peripheral/src/ch32v20x_adc.c.o
 .debug_ranges  0x0000000000000000      0x140 build/./vendor/Peripheral/src/ch32v20x_adc.c.o
 .debug_line    0x0000000000000000     0x1aee build/./vendor/Peripheral/src/ch32v20x_adc.c.o
 .debug_str     0x0000000000000000      0x816 build/./vendor/Peripheral/src/ch32v20x_adc.c.o
 .comment       0x0000000000000000       0x34 build/./vendor/Peripheral/src/ch32v20x_adc.c.o
 .debug_frame   0x0000000000000000      0x2bc build/./vendor/Peripheral/src/ch32v20x_adc.c.o
 .text          0x0000000000000000        0x0 build/./vendor/Peripheral/src/ch32v20x_dbgmcu.c.o
 .data          0x0000000000000000        0x0 build/./vendor/Peripheral/src/ch32v20x_dbgmcu.c.o
 .bss           0x0000000000000000        0x0 build/./vendor/Peripheral/src/ch32v20x_dbgmcu.c.o
 .text.DBGMCU_GetREVID
                0x0000000000000000        0xa build/./vendor/Peripheral/src/ch32v20x_dbgmcu.c.o
 .text.DBGMCU_GetDEVID
                0x0000000000000000        0xa build/./vendor/Peripheral/src/ch32v20x_dbgmcu.c.o
 .text.__get_DEBUG_CR
                0x0000000000000000        0x6 build/./vendor/Peripheral/src/ch32v20x_dbgmcu.c.o
 .text.__set_DEBUG_CR
                0x0000000000000000        0x6 build/./vendor/Peripheral/src/ch32v20x_dbgmcu.c.o
 .text.DBGMCU_Config
                0x0000000000000000       0x14 build/./vendor/Peripheral/src/ch32v20x_dbgmcu.c.o
 .text.DBGMCU_GetCHIPID
                0x0000000000000000        0xa build/./vendor/Peripheral/src/ch32v20x_dbgmcu.c.o
 .debug_info    0x0000000000000000      0x1d7 build/./vendor/Peripheral/src/ch32v20x_dbgmcu.c.o
 .debug_abbrev  0x0000000000000000      0x172 build/./vendor/Peripheral/src/ch32v20x_dbgmcu.c.o
 .debug_loc     0x0000000000000000       0x7c build/./vendor/Peripheral/src/ch32v20x_dbgmcu.c.o
 .debug_aranges
                0x0000000000000000       0x48 build/./vendor/Peripheral/src/ch32v20x_dbgmcu.c.o
 .debug_ranges  0x0000000000000000       0x50 build/./vendor/Peripheral/src/ch32v20x_dbgmcu.c.o
 .debug_line    0x0000000000000000      0x27e build/./vendor/Peripheral/src/ch32v20x_dbgmcu.c.o
 .debug_str     0x0000000000000000      0x245 build/./vendor/Peripheral/src/ch32v20x_dbgmcu.c.o
 .comment       0x0000000000000000       0x34 build/./vendor/Peripheral/src/ch32v20x_dbgmcu.c.o
 .debug_frame   0x0000000000000000       0x70 build/./vendor/Peripheral/src/ch32v20x_dbgmcu.c.o
 .text          0x0000000000000000        0x0 build/./vendor/Peripheral/src/ch32v20x_usart.c.o
 .data          0x0000000000000000        0x0 build/./vendor/Peripheral/src/ch32v20x_usart.c.o
 .bss           0x0000000000000000        0x0 build/./vendor/Peripheral/src/ch32v20x_usart.c.o
 .text.USART_DeInit
                0x0000000000000000       0x9e build/./vendor/Peripheral/src/ch32v20x_usart.c.o
 .text.USART_Init
                0x0000000000000000       0xe6 build/./vendor/Peripheral/src/ch32v20x_usart.c.o
 .text.USART_StructInit
                0x0000000000000000       0x18 build/./vendor/Peripheral/src/ch32v20x_usart.c.o
 .text.USART_ClockInit
                0x0000000000000000       0x32 build/./vendor/Peripheral/src/ch32v20x_usart.c.o
 .text.USART_ClockStructInit
                0x0000000000000000       0x12 build/./vendor/Peripheral/src/ch32v20x_usart.c.o
 .text.USART_Cmd
                0x0000000000000000       0x1c build/./vendor/Peripheral/src/ch32v20x_usart.c.o
 .text.USART_ITConfig
                0x0000000000000000       0x36 build/./vendor/Peripheral/src/ch32v20x_usart.c.o
 .text.USART_DMACmd
                0x0000000000000000       0x1a build/./vendor/Peripheral/src/ch32v20x_usart.c.o
 .text.USART_SetAddress
                0x0000000000000000       0x22 build/./vendor/Peripheral/src/ch32v20x_usart.c.o
 .text.USART_WakeUpConfig
                0x0000000000000000       0x24 build/./vendor/Peripheral/src/ch32v20x_usart.c.o
 .text.USART_ReceiverWakeUpCmd
                0x0000000000000000       0x1c build/./vendor/Peripheral/src/ch32v20x_usart.c.o
 .text.USART_LINBreakDetectLengthConfig
                0x0000000000000000       0x24 build/./vendor/Peripheral/src/ch32v20x_usart.c.o
 .text.USART_LINCmd
                0x0000000000000000       0x1c build/./vendor/Peripheral/src/ch32v20x_usart.c.o
 .text.USART_SendData
                0x0000000000000000        0xa build/./vendor/Peripheral/src/ch32v20x_usart.c.o
 .text.USART_ReceiveData
                0x0000000000000000        0xa build/./vendor/Peripheral/src/ch32v20x_usart.c.o
 .text.USART_SendBreak
                0x0000000000000000       0x12 build/./vendor/Peripheral/src/ch32v20x_usart.c.o
 .text.USART_SetGuardTime
                0x0000000000000000       0x1e build/./vendor/Peripheral/src/ch32v20x_usart.c.o
 .text.USART_SetPrescaler
                0x0000000000000000       0x24 build/./vendor/Peripheral/src/ch32v20x_usart.c.o
 .text.USART_SmartCardCmd
                0x0000000000000000       0x1e build/./vendor/Peripheral/src/ch32v20x_usart.c.o
 .text.USART_SmartCardNACKCmd
                0x0000000000000000       0x1c build/./vendor/Peripheral/src/ch32v20x_usart.c.o
 .text.USART_HalfDuplexCmd
                0x0000000000000000       0x1c build/./vendor/Peripheral/src/ch32v20x_usart.c.o
 .text.USART_OverSampling8Cmd
                0x0000000000000000       0x1a build/./vendor/Peripheral/src/ch32v20x_usart.c.o
 .text.USART_OneBitMethodCmd
                0x0000000000000000       0x26 build/./vendor/Peripheral/src/ch32v20x_usart.c.o
 .text.USART_IrDAConfig
                0x0000000000000000       0x22 build/./vendor/Peripheral/src/ch32v20x_usart.c.o
 .text.USART_IrDACmd
                0x0000000000000000       0x1c build/./vendor/Peripheral/src/ch32v20x_usart.c.o
 .text.USART_GetFlagStatus
                0x0000000000000000        0xc build/./vendor/Peripheral/src/ch32v20x_usart.c.o
 .text.USART_ClearFlag
                0x0000000000000000        0xe build/./vendor/Peripheral/src/ch32v20x_usart.c.o
 .text.USART_GetITStatus
                0x0000000000000000       0x4a build/./vendor/Peripheral/src/ch32v20x_usart.c.o
 .text.USART_ClearITPendingBit
                0x0000000000000000       0x16 build/./vendor/Peripheral/src/ch32v20x_usart.c.o
 .debug_info    0x0000000000000000      0xafa build/./vendor/Peripheral/src/ch32v20x_usart.c.o
 .debug_abbrev  0x0000000000000000      0x1f0 build/./vendor/Peripheral/src/ch32v20x_usart.c.o
 .debug_loc     0x0000000000000000      0x770 build/./vendor/Peripheral/src/ch32v20x_usart.c.o
 .debug_aranges
                0x0000000000000000      0x100 build/./vendor/Peripheral/src/ch32v20x_usart.c.o
 .debug_ranges  0x0000000000000000       0xf0 build/./vendor/Peripheral/src/ch32v20x_usart.c.o
 .debug_line    0x0000000000000000      0xf10 build/./vendor/Peripheral/src/ch32v20x_usart.c.o
 .debug_str     0x0000000000000000      0x716 build/./vendor/Peripheral/src/ch32v20x_usart.c.o
 .comment       0x0000000000000000       0x34 build/./vendor/Peripheral/src/ch32v20x_usart.c.o
 .debug_frame   0x0000000000000000      0x214 build/./vendor/Peripheral/src/ch32v20x_usart.c.o
 .text          0x0000000000000000        0x0 build/./vendor/Peripheral/src/ch32v20x_rcc.c.o
 .data          0x0000000000000000        0x0 build/./vendor/Peripheral/src/ch32v20x_rcc.c.o
 .bss           0x0000000000000000        0x0 build/./vendor/Peripheral/src/ch32v20x_rcc.c.o
 .text.RCC_DeInit
                0x0000000000000000       0x42 build/./vendor/Peripheral/src/ch32v20x_rcc.c.o
 .text.RCC_HSEConfig
                0x0000000000000000       0x3e build/./vendor/Peripheral/src/ch32v20x_rcc.c.o
 .text.RCC_WaitForHSEStartUp
                0x0000000000000000       0x2e build/./vendor/Peripheral/src/ch32v20x_rcc.c.o
 .text.RCC_AdjustHSICalibrationValue
                0x0000000000000000       0x12 build/./vendor/Peripheral/src/ch32v20x_rcc.c.o
 .text.RCC_HSICmd
                0x0000000000000000       0x14 build/./vendor/Peripheral/src/ch32v20x_rcc.c.o
 .text.RCC_PLLConfig
                0x0000000000000000       0x16 build/./vendor/Peripheral/src/ch32v20x_rcc.c.o
 .text.RCC_PLLCmd
                0x0000000000000000       0x24 build/./vendor/Peripheral/src/ch32v20x_rcc.c.o
 .text.RCC_SYSCLKConfig
                0x0000000000000000        0xe build/./vendor/Peripheral/src/ch32v20x_rcc.c.o
 .text.RCC_GetSYSCLKSource
                0x0000000000000000        0xa build/./vendor/Peripheral/src/ch32v20x_rcc.c.o
 .text.RCC_HCLKConfig
                0x0000000000000000       0x10 build/./vendor/Peripheral/src/ch32v20x_rcc.c.o
 .text.RCC_PCLK1Config
                0x0000000000000000       0x10 build/./vendor/Peripheral/src/ch32v20x_rcc.c.o
 .text.RCC_PCLK2Config
                0x0000000000000000       0x16 build/./vendor/Peripheral/src/ch32v20x_rcc.c.o
 .text.RCC_ITConfig
                0x0000000000000000       0x1e build/./vendor/Peripheral/src/ch32v20x_rcc.c.o
 .text.RCC_USBCLKConfig
                0x0000000000000000       0x1a build/./vendor/Peripheral/src/ch32v20x_rcc.c.o
 .text.RCC_ADCCLKConfig
                0x0000000000000000       0x12 build/./vendor/Peripheral/src/ch32v20x_rcc.c.o
 .text.RCC_LSEConfig
                0x0000000000000000       0x28 build/./vendor/Peripheral/src/ch32v20x_rcc.c.o
 .text.RCC_LSICmd
                0x0000000000000000       0x14 build/./vendor/Peripheral/src/ch32v20x_rcc.c.o
 .text.RCC_RTCCLKConfig
                0x0000000000000000        0xc build/./vendor/Peripheral/src/ch32v20x_rcc.c.o
 .text.RCC_RTCCLKCmd
                0x0000000000000000       0x20 build/./vendor/Peripheral/src/ch32v20x_rcc.c.o
 .text.RCC_GetClocksFreq
                0x0000000000000000       0xc8 build/./vendor/Peripheral/src/ch32v20x_rcc.c.o
 .text.RCC_AHBPeriphClockCmd
                0x0000000000000000       0x1e build/./vendor/Peripheral/src/ch32v20x_rcc.c.o
 .text.RCC_APB1PeriphClockCmd
                0x0000000000000000       0x1e build/./vendor/Peripheral/src/ch32v20x_rcc.c.o
 .text.RCC_APB2PeriphResetCmd
                0x0000000000000000       0x1e build/./vendor/Peripheral/src/ch32v20x_rcc.c.o
 .text.RCC_APB1PeriphResetCmd
                0x0000000000000000       0x1e build/./vendor/Peripheral/src/ch32v20x_rcc.c.o
 .text.RCC_BackupResetCmd
                0x0000000000000000       0x20 build/./vendor/Peripheral/src/ch32v20x_rcc.c.o
 .text.RCC_ClockSecuritySystemCmd
                0x0000000000000000       0x24 build/./vendor/Peripheral/src/ch32v20x_rcc.c.o
 .text.RCC_MCOConfig
                0x0000000000000000        0xa build/./vendor/Peripheral/src/ch32v20x_rcc.c.o
 .text.RCC_GetFlagStatus
                0x0000000000000000       0x2e build/./vendor/Peripheral/src/ch32v20x_rcc.c.o
 .text.RCC_ClearFlag
                0x0000000000000000       0x10 build/./vendor/Peripheral/src/ch32v20x_rcc.c.o
 .text.RCC_GetITStatus
                0x0000000000000000        0xe build/./vendor/Peripheral/src/ch32v20x_rcc.c.o
 .text.RCC_ClearITPendingBit
                0x0000000000000000        0xa build/./vendor/Peripheral/src/ch32v20x_rcc.c.o
 .text.RCC_ADCCLKADJcmd
                0x0000000000000000       0x18 build/./vendor/Peripheral/src/ch32v20x_rcc.c.o
 .text.RCC_ETHDIVConfig
                0x0000000000000000       0x1a build/./vendor/Peripheral/src/ch32v20x_rcc.c.o
 .data.APBAHBPrescTable
                0x0000000000000000       0x10 build/./vendor/Peripheral/src/ch32v20x_rcc.c.o
 .sdata.ADCPrescTable
                0x0000000000000000        0x4 build/./vendor/Peripheral/src/ch32v20x_rcc.c.o
 .text          0x0000000000000000        0x0 build/./vendor/Peripheral/src/ch32v20x_gpio.c.o
 .data          0x0000000000000000        0x0 build/./vendor/Peripheral/src/ch32v20x_gpio.c.o
 .bss           0x0000000000000000        0x0 build/./vendor/Peripheral/src/ch32v20x_gpio.c.o
 .text.GPIO_DeInit
                0x0000000000000000       0xa2 build/./vendor/Peripheral/src/ch32v20x_gpio.c.o
 .text.GPIO_AFIODeInit
                0x0000000000000000       0x20 build/./vendor/Peripheral/src/ch32v20x_gpio.c.o
 .text.GPIO_StructInit
                0x0000000000000000       0x10 build/./vendor/Peripheral/src/ch32v20x_gpio.c.o
 .text.GPIO_ReadInputDataBit
                0x0000000000000000       0x1e build/./vendor/Peripheral/src/ch32v20x_gpio.c.o
 .text.GPIO_ReadInputData
                0x0000000000000000       0x20 build/./vendor/Peripheral/src/ch32v20x_gpio.c.o
 .text.GPIO_ReadOutputDataBit
                0x0000000000000000       0x1e build/./vendor/Peripheral/src/ch32v20x_gpio.c.o
 .text.GPIO_ReadOutputData
                0x0000000000000000       0x20 build/./vendor/Peripheral/src/ch32v20x_gpio.c.o
 .text.GPIO_Write
                0x0000000000000000       0x18 build/./vendor/Peripheral/src/ch32v20x_gpio.c.o
 .text.GPIO_PinLockConfig
                0x0000000000000000       0x24 build/./vendor/Peripheral/src/ch32v20x_gpio.c.o
 .text.GPIO_EventOutputConfig
                0x0000000000000000       0x18 build/./vendor/Peripheral/src/ch32v20x_gpio.c.o
 .text.GPIO_EventOutputCmd
                0x0000000000000000       0x16 build/./vendor/Peripheral/src/ch32v20x_gpio.c.o
 .text.GPIO_PinRemapConfig
                0x0000000000000000       0xf2 build/./vendor/Peripheral/src/ch32v20x_gpio.c.o
 .text.GPIO_EXTILineConfig
                0x0000000000000000       0x2c build/./vendor/Peripheral/src/ch32v20x_gpio.c.o
 .text.GPIO_ETH_MediaInterfaceConfig
                0x0000000000000000       0x24 build/./vendor/Peripheral/src/ch32v20x_gpio.c.o
 .text.GPIO_IPD_Unused
                0x0000000000000000      0x2d6 build/./vendor/Peripheral/src/ch32v20x_gpio.c.o
 .text          0x0000000000000000        0x0 build/./vendor/Startup/startup_ch32v20x_D6.S.o
 .data          0x0000000000000000        0x0 build/./vendor/Startup/startup_ch32v20x_D6.S.o
 .bss           0x0000000000000000        0x0 build/./vendor/Startup/startup_ch32v20x_D6.S.o
 .text          0x0000000000000000        0x0 build/./vendor/User/system_ch32v20x.c.o
 .data          0x0000000000000000        0x0 build/./vendor/User/system_ch32v20x.c.o
 .bss           0x0000000000000000        0x0 build/./vendor/User/system_ch32v20x.c.o
 .text          0x0000000000000000        0x0 build/./vendor/User/ch32v20x_it.c.o
 .data          0x0000000000000000        0x0 build/./vendor/User/ch32v20x_it.c.o
 .bss           0x0000000000000000        0x0 build/./vendor/User/ch32v20x_it.c.o

Memory Configuration

Name             Origin             Length             Attributes
FLASH            0x0000000000000000 0x0000000000008000 xr
RAM              0x0000000020000000 0x0000000000002800 xrw
*default*        0x0000000000000000 0xffffffffffffffff

Linker script and memory map

LOAD build/./src/main.c.o
LOAD build/./src/lcd.c.o
LOAD build/./vendor/Core/core_riscv.c.o
LOAD build/./vendor/Debug/debug.c.o
LOAD build/./vendor/Peripheral/src/ch32v20x_rtc.c.o
LOAD build/./vendor/Peripheral/src/ch32v20x_bkp.c.o
LOAD build/./vendor/Peripheral/src/ch32v20x_can.c.o
LOAD build/./vendor/Peripheral/src/ch32v20x_wwdg.c.o
LOAD build/./vendor/Peripheral/src/ch32v20x_dma.c.o
LOAD build/./vendor/Peripheral/src/ch32v20x_tim.c.o
LOAD build/./vendor/Peripheral/src/ch32v20x_spi.c.o
LOAD build/./vendor/Peripheral/src/ch32v20x_crc.c.o
LOAD build/./vendor/Peripheral/src/ch32v20x_flash.c.o
LOAD build/./vendor/Peripheral/src/ch32v20x_exti.c.o
LOAD build/./vendor/Peripheral/src/ch32v20x_opa.c.o
LOAD build/./vendor/Peripheral/src/ch32v20x_i2c.c.o
LOAD build/./vendor/Peripheral/src/ch32v20x_iwdg.c.o
LOAD build/./vendor/Peripheral/src/ch32v20x_pwr.c.o
LOAD build/./vendor/Peripheral/src/ch32v20x_misc.c.o
LOAD build/./vendor/Peripheral/src/ch32v20x_adc.c.o
LOAD build/./vendor/Peripheral/src/ch32v20x_dbgmcu.c.o
LOAD build/./vendor/Peripheral/src/ch32v20x_usart.c.o
LOAD build/./vendor/Peripheral/src/ch32v20x_rcc.c.o
LOAD build/./vendor/Peripheral/src/ch32v20x_gpio.c.o
LOAD build/./vendor/Startup/startup_ch32v20x_D6.S.o
LOAD build/./vendor/User/system_ch32v20x.c.o
LOAD build/./vendor/User/ch32v20x_it.c.o
LOAD /home/sheep/dev/3rdparty/xpack-riscv-none-embed-gcc-10.2.0-1.2/bin/../lib/gcc/riscv-none-embed/10.2.0/rv32imafc/ilp32f/libgcc.a
LOAD /home/sheep/dev/3rdparty/xpack-riscv-none-embed-gcc-10.2.0-1.2/bin/../lib/gcc/riscv-none-embed/10.2.0/../../../../riscv-none-embed/lib/rv32imafc/ilp32f/libg_nano.a
LOAD /home/sheep/dev/3rdparty/xpack-riscv-none-embed-gcc-10.2.0-1.2/bin/../lib/gcc/riscv-none-embed/10.2.0/../../../../riscv-none-embed/lib/rv32imafc/ilp32f/libc_nano.a
LOAD /home/sheep/dev/3rdparty/xpack-riscv-none-embed-gcc-10.2.0-1.2/bin/../lib/gcc/riscv-none-embed/10.2.0/rv32imafc/ilp32f/libgcc.a
START GROUP
LOAD /home/sheep/dev/3rdparty/xpack-riscv-none-embed-gcc-10.2.0-1.2/bin/../lib/gcc/riscv-none-embed/10.2.0/rv32imafc/ilp32f/libgcc.a
LOAD /home/sheep/dev/3rdparty/xpack-riscv-none-embed-gcc-10.2.0-1.2/bin/../lib/gcc/riscv-none-embed/10.2.0/../../../../riscv-none-embed/lib/rv32imafc/ilp32f/libc_nano.a
LOAD /home/sheep/dev/3rdparty/xpack-riscv-none-embed-gcc-10.2.0-1.2/bin/../lib/gcc/riscv-none-embed/10.2.0/../../../../riscv-none-embed/lib/rv32imafc/ilp32f/libnosys.a
END GROUP
START GROUP
LOAD /home/sheep/dev/3rdparty/xpack-riscv-none-embed-gcc-10.2.0-1.2/bin/../lib/gcc/riscv-none-embed/10.2.0/rv32imafc/ilp32f/libgcc.a
LOAD /home/sheep/dev/3rdparty/xpack-riscv-none-embed-gcc-10.2.0-1.2/bin/../lib/gcc/riscv-none-embed/10.2.0/../../../../riscv-none-embed/lib/rv32imafc/ilp32f/libc_nano.a
LOAD /home/sheep/dev/3rdparty/xpack-riscv-none-embed-gcc-10.2.0-1.2/bin/../lib/gcc/riscv-none-embed/10.2.0/../../../../riscv-none-embed/lib/rv32imafc/ilp32f/libnosys.a
END GROUP
                0x0000000000000800                __stack_size = 0x800
                [!provide]                        PROVIDE (_stack_size = __stack_size)

.init           0x0000000000000000       0x38
                0x0000000000000000                _sinit = .
                0x0000000000000000                . = ALIGN (0x4)
 *(SORT_NONE(.init))
 .init          0x0000000000000000       0x38 build/./vendor/Startup/startup_ch32v20x_D6.S.o
                0x0000000000000000                _start
                0x0000000000000038                . = ALIGN (0x4)
                0x0000000000000038                _einit = .

.vector         0x0000000000000038      0x108
 *(.vector)
 .vector        0x0000000000000038       0xfc build/./vendor/Startup/startup_ch32v20x_D6.S.o
                0x0000000000000140                . = ALIGN (0x40)
 *fill*         0x0000000000000134        0xc 

.text           0x0000000000000140     0x36c0
                0x0000000000000140                . = ALIGN (0x4)
 *(.text)
 *(.text.*)
 .text.startup.main
                0x0000000000000140       0x8c build/./src/main.c.o
                0x0000000000000140                main
 .text.LCD_Writ_Bus
                0x00000000000001cc       0x3c build/./src/lcd.c.o
                0x00000000000001cc                LCD_Writ_Bus
 .text.LCD_WR_DATA
                0x0000000000000208       0x18 build/./src/lcd.c.o
                0x0000000000000208                LCD_WR_DATA
 .text.LCD_WR_REG
                0x0000000000000220       0x2a build/./src/lcd.c.o
                0x0000000000000220                LCD_WR_REG
 .text.LCD_Address_Set
                0x000000000000024a       0x4e build/./src/lcd.c.o
                0x000000000000024a                LCD_Address_Set
 .text.lcd_gpio_init
                0x0000000000000298       0xd4 build/./src/lcd.c.o
                0x0000000000000298                lcd_gpio_init
 .text.LCD_Fill_Fast
                0x000000000000036c       0x96 build/./src/lcd.c.o
                0x000000000000036c                LCD_Fill_Fast
 .text.LCD_ShowPicture_Fast
                0x0000000000000402       0xa6 build/./src/lcd.c.o
                0x0000000000000402                LCD_ShowPicture_Fast
 .text.lcd_init
                0x00000000000004a8       0x64 build/./src/lcd.c.o
                0x00000000000004a8                lcd_init
 .text.Delay_Init
                0x000000000000050c       0x2a build/./vendor/Debug/debug.c.o
                0x000000000000050c                Delay_Init
 .text.Delay_Us
                0x0000000000000536       0x36 build/./vendor/Debug/debug.c.o
                0x0000000000000536                Delay_Us
 .text.Delay_Ms
                0x000000000000056c       0x36 build/./vendor/Debug/debug.c.o
                0x000000000000056c                Delay_Ms
 .text.SPI_Init
                0x00000000000005a2       0x62 build/./vendor/Peripheral/src/ch32v20x_spi.c.o
                0x00000000000005a2                SPI_Init
 .text.SPI_Cmd  0x0000000000000604       0x1e build/./vendor/Peripheral/src/ch32v20x_spi.c.o
                0x0000000000000604                SPI_Cmd
 .text.SPI_I2S_SendData
                0x0000000000000622        0x6 build/./vendor/Peripheral/src/ch32v20x_spi.c.o
                0x0000000000000622                SPI_I2S_SendData
 .text.SPI_I2S_GetFlagStatus
                0x0000000000000628        0xc build/./vendor/Peripheral/src/ch32v20x_spi.c.o
                0x0000000000000628                SPI_I2S_GetFlagStatus
 .text.NVIC_PriorityGroupConfig
                0x0000000000000634        0x6 build/./vendor/Peripheral/src/ch32v20x_misc.c.o
                0x0000000000000634                NVIC_PriorityGroupConfig
 .text.RCC_APB2PeriphClockCmd
                0x000000000000063a       0x1e build/./vendor/Peripheral/src/ch32v20x_rcc.c.o
                0x000000000000063a                RCC_APB2PeriphClockCmd
 .text.GPIO_Init
                0x0000000000000658       0xf8 build/./vendor/Peripheral/src/ch32v20x_gpio.c.o
                0x0000000000000658                GPIO_Init
 .text.GPIO_SetBits
                0x0000000000000750       0x14 build/./vendor/Peripheral/src/ch32v20x_gpio.c.o
                0x0000000000000750                GPIO_SetBits
 .text.GPIO_ResetBits
                0x0000000000000764       0x14 build/./vendor/Peripheral/src/ch32v20x_gpio.c.o
                0x0000000000000764                GPIO_ResetBits
 .text.GPIO_WriteBit
                0x0000000000000778       0x1a build/./vendor/Peripheral/src/ch32v20x_gpio.c.o
                0x0000000000000778                GPIO_WriteBit
 .text.vector_handler
                0x0000000000000792       0x6c build/./vendor/Startup/startup_ch32v20x_D6.S.o
                0x0000000000000796                Ecall_M_Mode_Handler
                0x0000000000000798                Ecall_U_Mode_Handler
                0x000000000000079a                Break_Point_Handler
                0x000000000000079c                SysTick_Handler
                0x000000000000079e                SW_Handler
                0x00000000000007a0                WWDG_IRQHandler
                0x00000000000007a2                PVD_IRQHandler
                0x00000000000007a4                TAMPER_IRQHandler
                0x00000000000007a6                RTC_IRQHandler
                0x00000000000007a8                FLASH_IRQHandler
                0x00000000000007aa                RCC_IRQHandler
                0x00000000000007ac                EXTI0_IRQHandler
                0x00000000000007ae                EXTI1_IRQHandler
                0x00000000000007b0                EXTI2_IRQHandler
                0x00000000000007b2                EXTI3_IRQHandler
                0x00000000000007b4                EXTI4_IRQHandler
                0x00000000000007b6                DMA1_Channel1_IRQHandler
                0x00000000000007b8                DMA1_Channel2_IRQHandler
                0x00000000000007ba                DMA1_Channel3_IRQHandler
                0x00000000000007bc                DMA1_Channel4_IRQHandler
                0x00000000000007be                DMA1_Channel5_IRQHandler
                0x00000000000007c0                DMA1_Channel6_IRQHandler
                0x00000000000007c2                DMA1_Channel7_IRQHandler
                0x00000000000007c4                ADC1_2_IRQHandler
                0x00000000000007c6                USB_HP_CAN1_TX_IRQHandler
                0x00000000000007c8                USB_LP_CAN1_RX0_IRQHandler
                0x00000000000007ca                CAN1_RX1_IRQHandler
                0x00000000000007cc                CAN1_SCE_IRQHandler
                0x00000000000007ce                EXTI9_5_IRQHandler
                0x00000000000007d0                TIM1_BRK_IRQHandler
                0x00000000000007d2                TIM1_UP_IRQHandler
                0x00000000000007d4                TIM1_TRG_COM_IRQHandler
                0x00000000000007d6                TIM1_CC_IRQHandler
                0x00000000000007d8                TIM2_IRQHandler
                0x00000000000007da                TIM3_IRQHandler
                0x00000000000007dc                TIM4_IRQHandler
                0x00000000000007de                I2C1_EV_IRQHandler
                0x00000000000007e0                I2C1_ER_IRQHandler
                0x00000000000007e2                I2C2_EV_IRQHandler
                0x00000000000007e4                I2C2_ER_IRQHandler
                0x00000000000007e6                SPI1_IRQHandler
                0x00000000000007e8                SPI2_IRQHandler
                0x00000000000007ea                USART1_IRQHandler
                0x00000000000007ec                USART2_IRQHandler
                0x00000000000007ee                USART3_IRQHandler
                0x00000000000007f0                EXTI15_10_IRQHandler
                0x00000000000007f2                RTCAlarm_IRQHandler
                0x00000000000007f4                USBWakeUp_IRQHandler
                0x00000000000007f6                USBHD_IRQHandler
                0x00000000000007f8                USBHDWakeUp_IRQHandler
                0x00000000000007fa                UART4_IRQHandler
                0x00000000000007fc                DMA1_Channel8_IRQHandler
 .text.handle_reset
                0x00000000000007fe       0x86 build/./vendor/Startup/startup_ch32v20x_D6.S.o
                0x00000000000007fe                handle_reset
 .text.SystemInit
                0x0000000000000884       0xa8 build/./vendor/User/system_ch32v20x.c.o
                0x0000000000000884                SystemInit
 .text.SystemCoreClockUpdate
                0x000000000000092c       0x8e build/./vendor/User/system_ch32v20x.c.o
                0x000000000000092c                SystemCoreClockUpdate
 .text.NMI_Handler
                0x00000000000009ba        0x2 build/./vendor/User/ch32v20x_it.c.o
                0x00000000000009ba                NMI_Handler
 .text.HardFault_Handler
                0x00000000000009bc        0x2 build/./vendor/User/ch32v20x_it.c.o
                0x00000000000009bc                HardFault_Handler
 *(.rodata)
 *(.rodata*)
 *fill*         0x00000000000009be        0x2 
 .rodata.image_data
                0x00000000000009c0     0x2e40 build/./src/main.c.o
                0x00000000000009c0                image_data
 *(.gnu.linkonce.t.*)
                0x0000000000003800                . = ALIGN (0x4)

.rela.dyn       0x0000000000003800        0x0
 .rela.init     0x0000000000003800        0x0 build/./src/main.c.o
 .rela.vector   0x0000000000003800        0x0 build/./src/main.c.o
 .rela.text.handle_reset
                0x0000000000003800        0x0 build/./src/main.c.o

.fini           0x0000000000003800        0x0
 *(SORT_NONE(.fini))
                0x0000000000003800                . = ALIGN (0x4)
                [!provide]                        PROVIDE (_etext = .)
                [!provide]                        PROVIDE (_eitcm = .)

.preinit_array  0x0000000000003800        0x0
                [!provide]                        PROVIDE (__preinit_array_start = .)
 *(.preinit_array)
                [!provide]                        PROVIDE (__preinit_array_end = .)

.init_array     0x0000000000003800        0x0
                [!provide]                        PROVIDE (__init_array_start = .)
 *(SORT_BY_INIT_PRIORITY(.init_array.*) SORT_BY_INIT_PRIORITY(.ctors.*))
 *(.init_array EXCLUDE_FILE(*crtend?.o *crtend.o *crtbegin?.o *crtbegin.o) .ctors)
                [!provide]                        PROVIDE (__init_array_end = .)

.fini_array     0x0000000000003800        0x0
                [!provide]                        PROVIDE (__fini_array_start = .)
 *(SORT_BY_INIT_PRIORITY(.fini_array.*) SORT_BY_INIT_PRIORITY(.dtors.*))
 *(.fini_array EXCLUDE_FILE(*crtend?.o *crtend.o *crtbegin?.o *crtbegin.o) .dtors)
                [!provide]                        PROVIDE (__fini_array_end = .)

.ctors
 *crtbegin.o(.ctors)
 *crtbegin?.o(.ctors)
 *(EXCLUDE_FILE(*crtend?.o *crtend.o) .ctors)
 *(SORT_BY_NAME(.ctors.*))
 *(.ctors)

.dtors
 *crtbegin.o(.dtors)
 *crtbegin?.o(.dtors)
 *(EXCLUDE_FILE(*crtend?.o *crtend.o) .dtors)
 *(SORT_BY_NAME(.dtors.*))
 *(.dtors)

.dalign         0x0000000020000000        0x0 load address 0x0000000000003800
                0x0000000020000000                . = ALIGN (0x4)
                0x0000000020000000                PROVIDE (_data_vma = .)

.dlalign        0x0000000000003800        0x0
                0x0000000000003800                . = ALIGN (0x4)
                0x0000000000003800                PROVIDE (_data_lma = .)

.data           0x0000000020000000       0x18 load address 0x0000000000003800
 *(.gnu.linkonce.r.*)
 *(.data .data.*)
 .data.AHBPrescTable
                0x0000000020000000       0x10 build/./vendor/User/system_ch32v20x.c.o
                0x0000000020000000                AHBPrescTable
 *(.gnu.linkonce.d.*)
                0x0000000020000010                . = ALIGN (0x8)
                0x0000000020000810                PROVIDE (__global_pointer$ = (. + 0x800))
 *(.sdata .sdata.*)
 .sdata.SystemCoreClock
                0x0000000020000010        0x4 build/./vendor/User/system_ch32v20x.c.o
                0x0000000020000010                SystemCoreClock
 *(.sdata2.*)
 *(.gnu.linkonce.s.*)
                0x0000000020000018                . = ALIGN (0x8)
 *fill*         0x0000000020000014        0x4 
 *(.srodata.cst16)
 *(.srodata.cst8)
 *(.srodata.cst4)
 *(.srodata.cst2)
 *(.srodata .srodata.*)
                0x0000000020000018                . = ALIGN (0x4)
                0x0000000020000018                PROVIDE (_edata = .)

.bss            0x0000000020000018        0xc load address 0x0000000000003818
                0x0000000020000018                . = ALIGN (0x4)
                0x0000000020000018                PROVIDE (_sbss = .)
 *(.sbss*)
 .sbss.p_ms     0x0000000020000018        0x2 build/./vendor/Debug/debug.c.o
 .sbss.p_us     0x000000002000001a        0x1 build/./vendor/Debug/debug.c.o
 *fill*         0x000000002000001b        0x1 
 .sbss.NVIC_Priority_Group
                0x000000002000001c        0x4 build/./vendor/Peripheral/src/ch32v20x_misc.c.o
                0x000000002000001c                NVIC_Priority_Group
 .sbss.MCU_Version
                0x0000000020000020        0x1 build/./vendor/Peripheral/src/ch32v20x_gpio.c.o
                0x0000000020000020                MCU_Version
 *(.gnu.linkonce.sb.*)
 *(.bss*)
 *(.gnu.linkonce.b.*)
 *(COMMON*)
                0x0000000020000024                . = ALIGN (0x4)
 *fill*         0x0000000020000021        0x3 
                0x0000000020000024                PROVIDE (_ebss = .)
                0x0000000020000024                PROVIDE (_end = _ebss)
                [!provide]                        PROVIDE (end = .)

.stack          0x0000000020002000      0x800
                0x0000000020002000                PROVIDE (_heap_end = .)
                0x0000000020002000                . = ALIGN (0x4)
                [!provide]                        PROVIDE (_susrstack = .)
                0x0000000020002800                . = (. + __stack_size)
 *fill*         0x0000000020002000      0x800 
                0x0000000020002800                PROVIDE (_eusrstack = .)
OUTPUT(build/main.elf elf32-littleriscv)

.debug_info     0x0000000000000000     0x3f81
 .debug_info    0x0000000000000000      0x404 build/./src/main.c.o
 .debug_info    0x0000000000000404      0xdd5 build/./src/lcd.c.o
 .debug_info    0x00000000000011d9      0x65f build/./vendor/Debug/debug.c.o
 .debug_info    0x0000000000001838      0xa0c build/./vendor/Peripheral/src/ch32v20x_spi.c.o
 .debug_info    0x0000000000002244      0x5c9 build/./vendor/Peripheral/src/ch32v20x_misc.c.o
 .debug_info    0x000000000000280d      0xa10 build/./vendor/Peripheral/src/ch32v20x_rcc.c.o
 .debug_info    0x000000000000321d      0xa17 build/./vendor/Peripheral/src/ch32v20x_gpio.c.o
 .debug_info    0x0000000000003c34       0x22 build/./vendor/Startup/startup_ch32v20x_D6.S.o
 .debug_info    0x0000000000003c56      0x294 build/./vendor/User/system_ch32v20x.c.o
 .debug_info    0x0000000000003eea       0x97 build/./vendor/User/ch32v20x_it.c.o

.debug_abbrev   0x0000000000000000     0x1051
 .debug_abbrev  0x0000000000000000      0x179 build/./src/main.c.o
 .debug_abbrev  0x0000000000000179      0x233 build/./src/lcd.c.o
 .debug_abbrev  0x00000000000003ac      0x1e7 build/./vendor/Debug/debug.c.o
 .debug_abbrev  0x0000000000000593      0x201 build/./vendor/Peripheral/src/ch32v20x_spi.c.o
 .debug_abbrev  0x0000000000000794      0x1d0 build/./vendor/Peripheral/src/ch32v20x_misc.c.o
 .debug_abbrev  0x0000000000000964      0x2b3 build/./vendor/Peripheral/src/ch32v20x_rcc.c.o
 .debug_abbrev  0x0000000000000c17      0x255 build/./vendor/Peripheral/src/ch32v20x_gpio.c.o
 .debug_abbrev  0x0000000000000e6c       0x12 build/./vendor/Startup/startup_ch32v20x_D6.S.o
 .debug_abbrev  0x0000000000000e7e      0x18f build/./vendor/User/system_ch32v20x.c.o
 .debug_abbrev  0x000000000000100d       0x44 build/./vendor/User/ch32v20x_it.c.o

.debug_loc      0x0000000000000000     0x1eb3
 .debug_loc     0x0000000000000000       0x2a build/./src/main.c.o
 .debug_loc     0x000000000000002a      0x581 build/./src/lcd.c.o
 .debug_loc     0x00000000000005ab      0x1b3 build/./vendor/Debug/debug.c.o
 .debug_loc     0x000000000000075e      0x57b build/./vendor/Peripheral/src/ch32v20x_spi.c.o
 .debug_loc     0x0000000000000cd9       0xcd build/./vendor/Peripheral/src/ch32v20x_misc.c.o
 .debug_loc     0x0000000000000da6      0x7b4 build/./vendor/Peripheral/src/ch32v20x_rcc.c.o
 .debug_loc     0x000000000000155a      0x89e build/./vendor/Peripheral/src/ch32v20x_gpio.c.o
 .debug_loc     0x0000000000001df8       0xbb build/./vendor/User/system_ch32v20x.c.o

.debug_aranges  0x0000000000000000      0x428
 .debug_aranges
                0x0000000000000000       0x20 build/./src/main.c.o
 .debug_aranges
                0x0000000000000020       0x70 build/./src/lcd.c.o
 .debug_aranges
                0x0000000000000090       0x48 build/./vendor/Debug/debug.c.o
 .debug_aranges
                0x00000000000000d8       0xd0 build/./vendor/Peripheral/src/ch32v20x_spi.c.o
 .debug_aranges
                0x00000000000001a8       0x28 build/./vendor/Peripheral/src/ch32v20x_misc.c.o
 .debug_aranges
                0x00000000000001d0      0x128 build/./vendor/Peripheral/src/ch32v20x_rcc.c.o
 .debug_aranges
                0x00000000000002f8       0xb0 build/./vendor/Peripheral/src/ch32v20x_gpio.c.o
 .debug_aranges
                0x00000000000003a8       0x30 build/./vendor/Startup/startup_ch32v20x_D6.S.o
 .debug_aranges
                0x00000000000003d8       0x28 build/./vendor/User/system_ch32v20x.c.o
 .debug_aranges
                0x0000000000000400       0x28 build/./vendor/User/ch32v20x_it.c.o

.debug_ranges   0x0000000000000000      0x440
 .debug_ranges  0x0000000000000000       0x10 build/./src/main.c.o
 .debug_ranges  0x0000000000000010       0x90 build/./src/lcd.c.o
 .debug_ranges  0x00000000000000a0       0x38 build/./vendor/Debug/debug.c.o
 .debug_ranges  0x00000000000000d8       0xc0 build/./vendor/Peripheral/src/ch32v20x_spi.c.o
 .debug_ranges  0x0000000000000198       0x60 build/./vendor/Peripheral/src/ch32v20x_misc.c.o
 .debug_ranges  0x00000000000001f8      0x150 build/./vendor/Peripheral/src/ch32v20x_rcc.c.o
 .debug_ranges  0x0000000000000348       0xa0 build/./vendor/Peripheral/src/ch32v20x_gpio.c.o
 .debug_ranges  0x00000000000003e8       0x28 build/./vendor/Startup/startup_ch32v20x_D6.S.o
 .debug_ranges  0x0000000000000410       0x18 build/./vendor/User/system_ch32v20x.c.o
 .debug_ranges  0x0000000000000428       0x18 build/./vendor/User/ch32v20x_it.c.o

.debug_line     0x0000000000000000     0x5554
 .debug_line    0x0000000000000000      0x325 build/./src/main.c.o
 .debug_line    0x0000000000000325      0xcdd build/./src/lcd.c.o
 .debug_line    0x0000000000001002      0x6d1 build/./vendor/Debug/debug.c.o
 .debug_line    0x00000000000016d3      0xcb5 build/./vendor/Peripheral/src/ch32v20x_spi.c.o
 .debug_line    0x0000000000002388      0x3e3 build/./vendor/Peripheral/src/ch32v20x_misc.c.o
 .debug_line    0x000000000000276b     0x112f build/./vendor/Peripheral/src/ch32v20x_rcc.c.o
 .debug_line    0x000000000000389a     0x14f2 build/./vendor/Peripheral/src/ch32v20x_gpio.c.o
 .debug_line    0x0000000000004d8c      0x263 build/./vendor/Startup/startup_ch32v20x_D6.S.o
 .debug_line    0x0000000000004fef      0x4df build/./vendor/User/system_ch32v20x.c.o
 .debug_line    0x00000000000054ce       0x86 build/./vendor/User/ch32v20x_it.c.o

.debug_str      0x0000000000000000     0x1574
 .debug_str     0x0000000000000000      0x371 build/./src/main.c.o
                                        0x3c4 (size before relaxing)
 .debug_str     0x0000000000000371      0x235 build/./src/lcd.c.o
                                        0x596 (size before relaxing)
 .debug_str     0x00000000000005a6      0x167 build/./vendor/Debug/debug.c.o
                                        0x515 (size before relaxing)
 .debug_str     0x000000000000070d      0x356 build/./vendor/Peripheral/src/ch32v20x_spi.c.o
                                        0x68e (size before relaxing)
 .debug_str     0x0000000000000a63      0x463 build/./vendor/Peripheral/src/ch32v20x_misc.c.o
                                        0x684 (size before relaxing)
 .debug_str     0x0000000000000ec6      0x3da build/./vendor/Peripheral/src/ch32v20x_rcc.c.o
                                        0x6bb (size before relaxing)
 .debug_str     0x00000000000012a0      0x21a build/./vendor/Peripheral/src/ch32v20x_gpio.c.o
                                        0x5bb (size before relaxing)
 .debug_str     0x00000000000014ba       0x31 build/./vendor/Startup/startup_ch32v20x_D6.S.o
                                         0x54 (size before relaxing)
 .debug_str     0x00000000000014eb       0x51 build/./vendor/User/system_ch32v20x.c.o
                                        0x2ae (size before relaxing)
 .debug_str     0x000000000000153c       0x38 build/./vendor/User/ch32v20x_it.c.o
                                        0x1a1 (size before relaxing)

.comment        0x0000000000000000       0x33
 .comment       0x0000000000000000       0x33 build/./src/main.c.o
                                         0x34 (size before relaxing)
 .comment       0x0000000000000033       0x34 build/./src/lcd.c.o
 .comment       0x0000000000000033       0x34 build/./vendor/Debug/debug.c.o
 .comment       0x0000000000000033       0x34 build/./vendor/Peripheral/src/ch32v20x_spi.c.o
 .comment       0x0000000000000033       0x34 build/./vendor/Peripheral/src/ch32v20x_misc.c.o
 .comment       0x0000000000000033       0x34 build/./vendor/Peripheral/src/ch32v20x_rcc.c.o
 .comment       0x0000000000000033       0x34 build/./vendor/Peripheral/src/ch32v20x_gpio.c.o
 .comment       0x0000000000000033       0x34 build/./vendor/User/system_ch32v20x.c.o
 .comment       0x0000000000000033       0x34 build/./vendor/User/ch32v20x_it.c.o

.debug_frame    0x0000000000000000      0x8b8
 .debug_frame   0x0000000000000000       0x2c build/./src/main.c.o
 .debug_frame   0x000000000000002c      0x1ec build/./src/lcd.c.o
 .debug_frame   0x0000000000000218       0xa4 build/./vendor/Debug/debug.c.o
 .debug_frame   0x00000000000002bc      0x1bc build/./vendor/Peripheral/src/ch32v20x_spi.c.o
 .debug_frame   0x0000000000000478       0x30 build/./vendor/Peripheral/src/ch32v20x_misc.c.o
 .debug_frame   0x00000000000004a8      0x238 build/./vendor/Peripheral/src/ch32v20x_rcc.c.o
 .debug_frame   0x00000000000006e0      0x178 build/./vendor/Peripheral/src/ch32v20x_gpio.c.o
 .debug_frame   0x0000000000000858       0x30 build/./vendor/User/system_ch32v20x.c.o
 .debug_frame   0x0000000000000888       0x30 build/./vendor/User/ch32v20x_it.c.o
